TAP version 13
# Subtest: Listen service exposes an idle meeting state without constructing or starting a subscriber
not ok 1 - Listen service exposes an idle meeting state without constructing or starting a subscriber
  ---
  duration_ms: 2.188
  type: 'test'
  location: 'C:\\Users\\User\\digital_twin\\glass\\tests\\meeting-feed-ipc.test.js:57:1'
  failureType: 'testCodeFailure'
  error: |-
    Expected values to be strictly equal:
    + actual - expected
    
    + 'undefined'
    - 'function'
    
  code: 'ERR_ASSERTION'
  name: 'AssertionError'
  expected: 'function'
  actual: 'undefined'
  operator: 'strictEqual'
  stack: |-
    TestContext.<anonymous> (C:\Users\User\digital_twin\glass\tests\meeting-feed-ipc.test.js:59:12)
    Test.runInAsyncScope (node:async_hooks:214:14)
    Test.run (node:internal/test_runner/test:1103:25)
    Test.start (node:internal/test_runner/test:1000:17)
    startSubtestAfterBootstrap (node:internal/test_runner/harness:358:17)
  ...
# Subtest: meeting start/stop/restart forwards state and cleans listeners without local STT, database or generation
not ok 2 - meeting start/stop/restart forwards state and cleans listeners without local STT, database or generation
  ---
  duration_ms: 0.858
  type: 'test'
  location: 'C:\\Users\\User\\digital_twin\\glass\\tests\\meeting-feed-ipc.test.js:65:1'
  failureType: 'testCodeFailure'
  error: |-
    Expected values to be strictly equal:
    + actual - expected
    
    + 'undefined'
    - 'function'
    
  code: 'ERR_ASSERTION'
  name: 'AssertionError'
  expected: 'function'
  actual: 'undefined'
  operator: 'strictEqual'
  stack: |-
    TestContext.<anonymous> (C:\Users\User\digital_twin\glass\tests\meeting-feed-ipc.test.js:67:12)
    Test.runInAsyncScope (node:async_hooks:214:14)
    Test.run (node:internal/test_runner/test:1103:25)
    Test.processPendingSubtests (node:internal/test_runner/test:785:18)
    Test.postRun (node:internal/test_runner/test:1232:19)
    Test.run (node:internal/test_runner/test:1160:12)
    async startSubtestAfterBootstrap (node:internal/test_runner/harness:358:3)
  ...
# Subtest: existing app cleanup closes the meeting subscription through closeSession
not ok 3 - existing app cleanup closes the meeting subscription through closeSession
  ---
  duration_ms: 1.3489
  type: 'test'
  location: 'C:\\Users\\User\\digital_twin\\glass\\tests\\meeting-feed-ipc.test.js:80:1'
  failureType: 'testCodeFailure'
  error: |-
    Expected values to be strictly equal:
    + actual - expected
    
    + 'undefined'
    - 'function'
    
  code: 'ERR_ASSERTION'
  name: 'AssertionError'
  expected: 'function'
  actual: 'undefined'
  operator: 'strictEqual'
  stack: |-
    TestContext.<anonymous> (C:\Users\User\digital_twin\glass\tests\meeting-feed-ipc.test.js:82:12)
    Test.runInAsyncScope (node:async_hooks:214:14)
    Test.run (node:internal/test_runner/test:1103:25)
    Test.processPendingSubtests (node:internal/test_runner/test:785:18)
    Test.postRun (node:internal/test_runner/test:1232:19)
    Test.run (node:internal/test_runner/test:1160:12)
    async Test.processPendingSubtests (node:internal/test_runner/test:785:7)
  ...
# Subtest: actual registered meeting IPC handlers ignore renderer config and stay separate from local Listen
not ok 4 - actual registered meeting IPC handlers ignore renderer config and stay separate from local Listen
  ---
  duration_ms: 1.3637
  type: 'test'
  location: 'C:\\Users\\User\\digital_twin\\glass\\tests\\meeting-feed-ipc.test.js:107:1'
  failureType: 'testCodeFailure'
  error: |-
    Expected values to be strictly equal:
    + actual - expected
    
    + 'undefined'
    - 'function'
    
  code: 'ERR_ASSERTION'
  name: 'AssertionError'
  expected: 'function'
  actual: 'undefined'
  operator: 'strictEqual'
  stack: |-
    TestContext.<anonymous> (C:\Users\User\digital_twin\glass\tests\meeting-feed-ipc.test.js:112:12)
    Test.runInAsyncScope (node:async_hooks:214:14)
    Test.run (node:internal/test_runner/test:1103:25)
    Test.processPendingSubtests (node:internal/test_runner/test:785:18)
    Test.postRun (node:internal/test_runner/test:1232:19)
    Test.run (node:internal/test_runner/test:1160:12)
    async Test.processPendingSubtests (node:internal/test_runner/test:785:7)
  ...
# Subtest: preload exposes no config setter or Electron event and returns per-listener cleanup
not ok 5 - preload exposes no config setter or Electron event and returns per-listener cleanup
  ---
  duration_ms: 13.8962
  type: 'test'
  location: 'C:\\Users\\User\\digital_twin\\glass\\tests\\meeting-feed-ipc.test.js:121:1'
  failureType: 'testCodeFailure'
  error: |-
    The expression evaluated to a falsy value:
    
      assert.ok(api.meetingFeed)
    
  code: 'ERR_ASSERTION'
  name: 'AssertionError'
  expected: true
  operator: '=='
  stack: |-
    TestContext.<anonymous> (C:\Users\User\digital_twin\glass\tests\meeting-feed-ipc.test.js:125:12)
    Test.runInAsyncScope (node:async_hooks:214:14)
    Test.run (node:internal/test_runner/test:1103:25)
    Test.processPendingSubtests (node:internal/test_runner/test:785:18)
    Test.postRun (node:internal/test_runner/test:1232:19)
    Test.run (node:internal/test_runner/test:1160:12)
    async Test.processPendingSubtests (node:internal/test_runner/test:785:7)
  ...
1..5
# tests 5
# suites 0
# pass 0
# fail 5
# cancelled 0
# skipped 0
# todo 0
# duration_ms 84.9266
