TAP version 13
# Subtest: public API isolates observers, cloned state, and private transport configuration
ok 1 - public API isolates observers, cloned state, and private transport configuration
  ---
  duration_ms: 3.817
  type: 'test'
  ...
# Subtest: SSE handles split UTF-8, CRLF, comments, ignored fields and multiline data atomically
ok 2 - SSE handles split UTF-8, CRLF, comments, ignored fields and multiline data atomically
  ---
  duration_ms: 2.6848
  type: 'test'
  ...
# Subtest: CR-only terminal snapshot applies immediately before EOF and never schedules retry
ok 3 - CR-only terminal snapshot applies immediately before EOF and never schedules retry
  ---
  duration_ms: 0.6555
  type: 'test'
  ...
# Subtest: CRLF split across chunks accepts CR immediately and swallows the later LF
ok 4 - CRLF split across chunks accepts CR immediately and swallows the later LF
  ---
  duration_ms: 1.2933
  type: 'test'
  ...
# Subtest: transcript windows replace atomically; duplicate and older sequence values are ignored
ok 5 - transcript windows replace atomically; duplicate and older sequence values are ignored
  ---
  duration_ms: 0.8454
  type: 'test'
  ...
# Subtest: attempt identity upserts, retains no-suggestion, and bounds all outcomes to 20
ok 6 - attempt identity upserts, retains no-suggestion, and bounds all outcomes to 20
  ---
  duration_ms: 2.1581
  type: 'test'
  ...
# Subtest: reconnect replaces retained history and reconciles pending attempt without duplicate outcomes
ok 7 - reconnect replaces retained history and reconciles pending attempt without duplicate outcomes
  ---
  duration_ms: 1.1143
  type: 'test'
  ...
# Subtest: new instance snapshot resets transcript, sequence, history and pending state even for same meeting
ok 8 - new instance snapshot resets transcript, sequence, history and pending state even for same meeting
  ---
  duration_ms: 0.9071
  type: 'test'
  ...
# Subtest: gap invalidates the connection and requires a fresh authoritative snapshot
ok 9 - gap invalidates the connection and requires a fresh authoritative snapshot
  ---
  duration_ms: 0.7983
  type: 'test'
  ...
# Subtest: wrong-instance invalidates the connection and requires a fresh authoritative snapshot
ok 10 - wrong-instance invalidates the connection and requires a fresh authoritative snapshot
  ---
  duration_ms: 0.6976
  type: 'test'
  ...
# Subtest: before-bootstrap invalidates the connection and requires a fresh authoritative snapshot
ok 11 - before-bootstrap invalidates the connection and requires a fresh authoritative snapshot
  ---
  duration_ms: 0.4831
  type: 'test'
  ...
# Subtest: duplicate-bootstrap invalidates the connection and requires a fresh authoritative snapshot
ok 12 - duplicate-bootstrap invalidates the connection and requires a fresh authoritative snapshot
  ---
  duration_ms: 0.5614
  type: 'test'
  ...
# Subtest: wrong-meeting invalidates the connection and requires a fresh authoritative snapshot
ok 13 - wrong-meeting invalidates the connection and requires a fresh authoritative snapshot
  ---
  duration_ms: 0.5833
  type: 'test'
  ...
# Subtest: stop during connection/backoff and all late old callbacks cannot mutate a later subscription
ok 14 - stop during connection/backoff and all late old callbacks cannot mutate a later subscription
  ---
  duration_ms: 0.6848
  type: 'test'
  ...
# Subtest: request EOF before response retries immediately, and late request close is isolated
ok 15 - request EOF before response retries immediately, and late request close is isolated
  ---
  duration_ms: 0.6234
  type: 'test'
  ...
# Subtest: owned transport listeners detach on Stop and retry while external listeners and safe error sinks survive
ok 16 - owned transport listeners detach on Stop and retry while external listeners and safe error sinks survive
  ---
  duration_ms: 1.4718
  type: 'test'
  ...
# Subtest: snapshot pending attempt settles on error and a new attempt at the same revision completes independently
ok 17 - snapshot pending attempt settles on error and a new attempt at the same revision completes independently
  ---
  duration_ms: 0.8229
  type: 'test'
  ...
# Subtest: malformed delta does not partially apply sequence or transcript changes
ok 18 - malformed delta does not partially apply sequence or transcript changes
  ---
  duration_ms: 0.6345
  type: 'test'
  ...
# Subtest: liveness deadline includes hung request and response bootstrap, and partial bytes do not extend it
ok 19 - liveness deadline includes hung request and response bootstrap, and partial bytes do not extend it
  ---
  duration_ms: 0.9663
  type: 'test'
  ...
# Subtest: complete heartbeats sustain liveness without pretending bootstrap is connected
ok 20 - complete heartbeats sustain liveness without pretending bootstrap is connected
  ---
  duration_ms: 0.5588
  type: 'test'
  ...
# Subtest: bounded exponential jitter resets only after 30 seconds following a valid snapshot
ok 21 - bounded exponential jitter resets only after 30 seconds following a valid snapshot
  ---
  duration_ms: 1.0263
  type: 'test'
  ...
# Subtest: jitter uses midpoint of uniform half-cap to cap interval
ok 22 - jitter uses midpoint of uniform half-cap to cap interval
  ---
  duration_ms: 0.4495
  type: 'test'
  ...
# Subtest: 401 is terminal; 503 and redirected responses close and retry without credential forwarding
ok 23 - 401 is terminal; 503 and redirected responses close and retry without credential forwarding
  ---
  duration_ms: 1.0204
  type: 'test'
  ...
# Subtest: terminal bootstrap/status apply final state, cancel every timer, and allow only explicit restart
ok 24 - terminal bootstrap/status apply final state, cancel every timer, and allow only explicit restart
  ---
  duration_ms: 1.0581
  type: 'test'
  ...
# Subtest: private bearer is sent only in headers and reflected secret/extra payload fields never escape
ok 25 - private bearer is sent only in headers and reflected secret/extra payload fields never escape
  ---
  duration_ms: 0.7769
  type: 'test'
  ...
# Subtest: configuration rejects nonloopback, credentials, query strings and invalid bearer without making requests
ok 26 - configuration rejects nonloopback, credentials, query strings and invalid bearer without making requests
  ---
  duration_ms: 3.5035
  type: 'test'
  ...
# Subtest: invalid payloads, unbounded frames, and incomplete multiline floods trigger bounded recovery
ok 27 - invalid payloads, unbounded frames, and incomplete multiline floods trigger bounded recovery
  ---
  duration_ms: 13.8674
  type: 'test'
  ...
# Subtest: real native HTTP subscription reads authorized feed with no provider or capture imports
ok 28 - real native HTTP subscription reads authorized feed with no provider or capture imports
  ---
  duration_ms: 30.8705
  type: 'test'
  ...
# Subtest: native request response callback is detached when Stop occurs before headers
ok 29 - native request response callback is detached when Stop occurs before headers
  ---
  duration_ms: 4.076
  type: 'test'
  ...
1..29
# tests 29
# suites 0
# pass 29
# fail 0
# cancelled 0
# skipped 0
# todo 0
# duration_ms 149.724
