TAP version 13
# Subtest: real SQLite credential fixture: fresh
ok 1 - real SQLite credential fixture: fresh
  ---
  duration_ms: 779.8374
  type: 'test'
  ...
# Subtest: real SQLite credential fixture: plaintext
ok 2 - real SQLite credential fixture: plaintext
  ---
  duration_ms: 791.6003
  type: 'test'
  ...
# Subtest: real SQLite credential fixture: owners
ok 3 - real SQLite credential fixture: owners
  ---
  duration_ms: 788.2441
  type: 'test'
  ...
# Subtest: real SQLite credential fixture: ambiguous
ok 4 - real SQLite credential fixture: ambiguous
  ---
  duration_ms: 787.2182
  type: 'test'
  ...
# Subtest: real SQLite credential fixture: missing-provider
ok 5 - real SQLite credential fixture: missing-provider
  ---
  duration_ms: 799.0316
  type: 'test'
  ...
# Subtest: real SQLite credential fixture: stale-old
ok 6 - real SQLite credential fixture: stale-old
  ---
  duration_ms: 812.0498
  type: 'test'
  ...
# Subtest: real SQLite credential fixture: locked
ok 7 - real SQLite credential fixture: locked
  ---
  duration_ms: 842.0182
  type: 'test'
  ...
# Subtest: real SQLite credential fixture: rollback
ok 8 - real SQLite credential fixture: rollback
  ---
  duration_ms: 838.7796
  type: 'test'
  ...
# Subtest: real SQLite credential fixture: restart
ok 9 - real SQLite credential fixture: restart
  ---
  duration_ms: 822.176
  type: 'test'
  ...
# Subtest: real SQLite credential fixture: selection
ok 10 - real SQLite credential fixture: selection
  ---
  duration_ms: 841.6926
  type: 'test'
  ...
# Subtest: real SQLite credential fixture: repository
ok 11 - real SQLite credential fixture: repository
  ---
  duration_ms: 1237.4652
  type: 'test'
  ...
# Subtest: real SQLite credential fixture: vault-unavailable
ok 12 - real SQLite credential fixture: vault-unavailable
  ---
  duration_ms: 849.9742
  type: 'test'
  ...
# Subtest: real SQLite credential fixture: legacy-store
ok 13 - real SQLite credential fixture: legacy-store
  ---
  duration_ms: 835.0469
  type: 'test'
  ...
# Subtest: real SQLite credential fixture: legacy-cleanup-failure
ok 14 - real SQLite credential fixture: legacy-cleanup-failure
  ---
  duration_ms: 822.3845
  type: 'test'
  ...
1..14
# tests 14
# suites 0
# pass 14
# fail 0
# cancelled 0
# skipped 0
# todo 0
# duration_ms 11911.548
