TAP version 13
# Subtest: resize cache waits for applied acknowledgement and tolerates fractional DPI
ok 1 - resize cache waits for applied acknowledgement and tolerates fractional DPI
  ---
  duration_ms: 3.4447
  ...
# Subtest: OS-rejected height is never cached and a subsequent update can retry
ok 2 - OS-rejected height is never cached and a subsequent update can retry
  ---
  duration_ms: 2.4345
  ...
# Subtest: IPC rejection is contained and never acknowledges a size
ok 3 - IPC rejection is contained and never acknowledges a size
  ---
  duration_ms: 1.5698
  ...
# Subtest: only the latest changed measurement follows an in-flight resize
ok 4 - only the latest changed measurement follows an in-flight resize
  ---
  duration_ms: 7.8054
  ...
# Subtest: SQLite Ask requests touch an Ask row without promotion; only explicit Listen requests promote
ok 5 - SQLite Ask requests touch an Ask row without promotion; only explicit Listen requests promote
  ---
  duration_ms: 38.2761
  ...
# Subtest: Firebase Ask requests touch an Ask row without promotion; only explicit Listen requests promote
ok 6 - Firebase Ask requests touch an Ask row without promotion; only explicit Listen requests promote
  ---
  duration_ms: 4.0271
  ...
# Subtest: Ask keeps screenshot, streaming persistence and screen-only shortcut while Meeting is selected
ok 7 - Ask keeps screenshot, streaming persistence and screen-only shortcut while Meeting is selected
  ---
  duration_ms: 14.1862
  ...
# Subtest: Meeting source lifecycle and feed do not import or call Ask or provider mutation APIs
ok 8 - Meeting source lifecycle and feed do not import or call Ask or provider mutation APIs
  ---
  duration_ms: 0.9241
  ...
# Subtest: capture Stop acknowledges only after asynchronous resource release
ok 9 - capture Stop acknowledges only after asynchronous resource release
  ---
  duration_ms: 9.3719
  ...
# Subtest: late local capture completion is released before stop ack and stale start is rejected
ok 10 - late local capture completion is released before stop ack and stale start is rejected
  ---
  duration_ms: 2.9125
  ...
# Subtest: failed start is cleaned and acknowledged as failed
ok 11 - failed start is cleaned and acknowledged as failed
  ---
  duration_ms: 1.9937
  ...
# Subtest: capture cleanup attempts every resource even if one disconnect throws
ok 12 - capture cleanup attempts every resource even if one disconnect throws
  ---
  duration_ms: 2.8669
  ...
# Subtest: Linux capture owns and releases microphone, display and audio context before Stop completes
ok 13 - Linux capture owns and releases microphone, display and audio context before Stop completes
  ---
  duration_ms: 2.7349
  ...
# Subtest: failed capture release remains owned until a successful cleanup retry
ok 14 - failed capture release remains owned until a successful cleanup retry
  ---
  duration_ms: 1.818
  ...
# Subtest: Glass subscribers consume the committed live session over both authenticated loopbacks without owning work
ok 15 - Glass subscribers consume the committed live session over both authenticated loopbacks without owning work
  ---
  duration_ms: 123.5939
  ...
# Subtest: Listen service exposes an idle meeting state without constructing or starting a subscriber
ok 16 - Listen service exposes an idle meeting state without constructing or starting a subscriber
  ---
  duration_ms: 5.0965
  ...
# Subtest: meeting start/stop/restart forwards state and cleans listeners without local STT, database or generation
ok 17 - meeting start/stop/restart forwards state and cleans listeners without local STT, database or generation
  ---
  duration_ms: 2.1483
  ...
# Subtest: existing app cleanup closes the meeting subscription through closeSession
ok 18 - existing app cleanup closes the meeting subscription through closeSession
  ---
  duration_ms: 2.4726
  ...
# Subtest: actual registered meeting IPC handlers ignore renderer config and stay separate from local Listen
ok 19 - actual registered meeting IPC handlers ignore renderer config and stay separate from local Listen
  ---
  duration_ms: 2.7857
  ...
# Subtest: authoritative Listen IPC preserves result, capture sender and Ask independence
ok 20 - authoritative Listen IPC preserves result, capture sender and Ask independence
  ---
  duration_ms: 2.2843
  ...
# Subtest: preload exposes no config setter or Electron event and returns per-listener cleanup
ok 21 - preload exposes no config setter or Electron event and returns per-listener cleanup
  ---
  duration_ms: 3.8334
  ...
# Subtest: public API isolates observers, cloned state, and private transport configuration
ok 22 - public API isolates observers, cloned state, and private transport configuration
  ---
  duration_ms: 9.5095
  ...
# Subtest: SSE handles split UTF-8, CRLF, comments, ignored fields and multiline data atomically
ok 23 - SSE handles split UTF-8, CRLF, comments, ignored fields and multiline data atomically
  ---
  duration_ms: 7.0422
  ...
# Subtest: CR-only terminal snapshot applies immediately before EOF and never schedules retry
ok 24 - CR-only terminal snapshot applies immediately before EOF and never schedules retry
  ---
  duration_ms: 1.3599
  ...
# Subtest: CRLF split across chunks accepts CR immediately and swallows the later LF
ok 25 - CRLF split across chunks accepts CR immediately and swallows the later LF
  ---
  duration_ms: 4.3218
  ...
# Subtest: transcript windows replace atomically; duplicate and older sequence values are ignored
ok 26 - transcript windows replace atomically; duplicate and older sequence values are ignored
  ---
  duration_ms: 3.7238
  ...
# Subtest: attempt identity upserts, retains no-suggestion, and bounds all outcomes to 20
ok 27 - attempt identity upserts, retains no-suggestion, and bounds all outcomes to 20
  ---
  duration_ms: 5.911
  ...
# Subtest: reconnect replaces retained history and reconciles pending attempt without duplicate outcomes
ok 28 - reconnect replaces retained history and reconciles pending attempt without duplicate outcomes
  ---
  duration_ms: 2.4434
  ...
# Subtest: new instance snapshot resets transcript, sequence, history and pending state even for same meeting
ok 29 - new instance snapshot resets transcript, sequence, history and pending state even for same meeting
  ---
  duration_ms: 1.4685
  ...
# Subtest: gap invalidates the connection and requires a fresh authoritative snapshot
ok 30 - gap invalidates the connection and requires a fresh authoritative snapshot
  ---
  duration_ms: 1.5304
  ...
# Subtest: wrong-instance invalidates the connection and requires a fresh authoritative snapshot
ok 31 - wrong-instance invalidates the connection and requires a fresh authoritative snapshot
  ---
  duration_ms: 1.2703
  ...
# Subtest: before-bootstrap invalidates the connection and requires a fresh authoritative snapshot
ok 32 - before-bootstrap invalidates the connection and requires a fresh authoritative snapshot
  ---
  duration_ms: 0.8587
  ...
# Subtest: duplicate-bootstrap invalidates the connection and requires a fresh authoritative snapshot
ok 33 - duplicate-bootstrap invalidates the connection and requires a fresh authoritative snapshot
  ---
  duration_ms: 1.126
  ...
# Subtest: wrong-meeting invalidates the connection and requires a fresh authoritative snapshot
ok 34 - wrong-meeting invalidates the connection and requires a fresh authoritative snapshot
  ---
  duration_ms: 1.046
  ...
# Subtest: stop during connection/backoff and all late old callbacks cannot mutate a later subscription
ok 35 - stop during connection/backoff and all late old callbacks cannot mutate a later subscription
  ---
  duration_ms: 1.3668
  ...
# Subtest: request EOF before response retries immediately, and late request close is isolated
ok 36 - request EOF before response retries immediately, and late request close is isolated
  ---
  duration_ms: 1.0938
  ...
# Subtest: owned transport listeners detach on Stop and retry while external listeners and safe error sinks survive
ok 37 - owned transport listeners detach on Stop and retry while external listeners and safe error sinks survive
  ---
  duration_ms: 3.5727
  ...
# Subtest: snapshot pending attempt settles on error and a new attempt at the same revision completes independently
ok 38 - snapshot pending attempt settles on error and a new attempt at the same revision completes independently
  ---
  duration_ms: 1.8528
  ...
# Subtest: malformed delta does not partially apply sequence or transcript changes
ok 39 - malformed delta does not partially apply sequence or transcript changes
  ---
  duration_ms: 1.5906
  ...
# Subtest: liveness deadline includes hung request and response bootstrap, and partial bytes do not extend it
ok 40 - liveness deadline includes hung request and response bootstrap, and partial bytes do not extend it
  ---
  duration_ms: 3.1112
  ...
# Subtest: complete heartbeats sustain liveness without pretending bootstrap is connected
ok 41 - complete heartbeats sustain liveness without pretending bootstrap is connected
  ---
  duration_ms: 1.4715
  ...
# Subtest: bounded exponential jitter resets only after 30 seconds following a valid snapshot
ok 42 - bounded exponential jitter resets only after 30 seconds following a valid snapshot
  ---
  duration_ms: 2.8413
  ...
# Subtest: jitter uses midpoint of uniform half-cap to cap interval
ok 43 - jitter uses midpoint of uniform half-cap to cap interval
  ---
  duration_ms: 1.3892
  ...
# Subtest: 401 is terminal; 503 and redirected responses close and retry without credential forwarding
ok 44 - 401 is terminal; 503 and redirected responses close and retry without credential forwarding
  ---
  duration_ms: 1.9075
  ...
# Subtest: terminal bootstrap/status apply final state, cancel every timer, and allow only explicit restart
ok 45 - terminal bootstrap/status apply final state, cancel every timer, and allow only explicit restart
  ---
  duration_ms: 2.1284
  ...
# Subtest: private bearer is sent only in headers and reflected secret/extra payload fields never escape
ok 46 - private bearer is sent only in headers and reflected secret/extra payload fields never escape
  ---
  duration_ms: 1.5676
  ...
# Subtest: configuration rejects nonloopback, credentials, query strings and invalid bearer without making requests
ok 47 - configuration rejects nonloopback, credentials, query strings and invalid bearer without making requests
  ---
  duration_ms: 5.8125
  ...
# Subtest: invalid payloads, unbounded frames, and incomplete multiline floods trigger bounded recovery
ok 48 - invalid payloads, unbounded frames, and incomplete multiline floods trigger bounded recovery
  ---
  duration_ms: 36.471
  ...
# Subtest: real native HTTP subscription reads authorized feed with no provider or capture imports
ok 49 - real native HTTP subscription reads authorized feed with no provider or capture imports
  ---
  duration_ms: 62.8485
  ...
# Subtest: native request response callback is detached when Stop occurs before headers
ok 50 - native request response callback is detached when Stop occurs before headers
  ---
  duration_ms: 4.0177
  ...
# Subtest: failed database initialization never starts capture
ok 51 - failed database initialization never starts capture
  ---
  duration_ms: 6.9294
  ...
# Subtest: Stop while local initialization is pending prevents late capture start
ok 52 - Stop while local initialization is pending prevents late capture start
  ---
  duration_ms: 10.732
  ...
# Subtest: Meeting lifecycle never calls local capture, database or summary; reconnect remains active
ok 53 - Meeting lifecycle never calls local capture, database or summary; reconnect remains active
  ---
  duration_ms: 2.2141
  ...
# Subtest: Local stop performs all cleanup even when STT close fails
ok 54 - Local stop performs all cleanup even when STT close fails
  ---
  duration_ms: 3.0017
  ...
# Subtest: transcription pending database touch cannot persist or summarize after Stop
ok 55 - transcription pending database touch cannot persist or summarize after Stop
  ---
  duration_ms: 3.1929
  ...
# Subtest: default source initializes once from provider configuration and state publishes to both windows
ok 56 - default source initializes once from provider configuration and state publishes to both windows
  ---
  duration_ms: 1.6345
  ...
# Subtest: Local remains unavailable when existing permissions still require keychain setup
ok 57 - Local remains unavailable when existing permissions still require keychain setup
  ---
  duration_ms: 1.9123
  ...
# Subtest: failed database end is retried and cannot falsely unlock Meeting
ok 58 - failed database end is retried and cannot falsely unlock Meeting
  ---
  duration_ms: 2.4451
  ...
# Subtest: a terminal Meeting feed stops the lifecycle and can restart without retaining the old terminal state
ok 59 - a terminal Meeting feed stops the lifecycle and can restart without retaining the old terminal state
  ---
  duration_ms: 1.8409
  ...
# Subtest: source locks and Stop cancels Listen while initial capability read is pending
ok 60 - source locks and Stop cancels Listen while initial capability read is pending
  ---
  duration_ms: 1.6449
  ...
# Subtest: unconfigured Local request cannot create a session or start STT
ok 61 - unconfigured Local request cannot create a session or start STT
  ---
  duration_ms: 1.2976
  ...
# Subtest: capture readiness is local STT readiness during starting and stays false for Meeting
ok 62 - capture readiness is local STT readiness during starting and stays false for Meeting
  ---
  duration_ms: 7.19
  ...
# Subtest: system audio result arriving after Stop is rejected before the bridge can render AEC
ok 63 - system audio result arriving after Stop is rejected before the bridge can render AEC
  ---
  duration_ms: 2.5142
  ...
# Subtest: stopMacOSAudioCapture waits until the capture process has stopped
ok 64 - stopMacOSAudioCapture waits until the capture process has stopped
  ---
  duration_ms: 1.9747
  ...
# Subtest: summary reset failure cannot block capture stop, STT cleanup or session end
ok 65 - summary reset failure cannot block capture stop, STT cleanup or session end
  ---
  duration_ms: 2.6435
  ...
# Subtest: capture acknowledgement requires matching actual sender and lifecycle
ok 66 - capture acknowledgement requires matching actual sender and lifecycle
  ---
  duration_ms: 6.0182
  ...
# Subtest: missing capture acknowledgements time out and prevent Meeting after uncertain cleanup
ok 67 - missing capture acknowledgements time out and prevent Meeting after uncertain cleanup
  ---
  duration_ms: 3.0821
  ...
# Subtest: old STT provider callbacks cannot render into a restarted local lifecycle
ok 68 - old STT provider callbacks cannot render into a restarted local lifecycle
  ---
  duration_ms: 5.4118
  ...
# Subtest: STT initialization resolving after close disposes sessions without timers or renderer output
ok 69 - STT initialization resolving after close disposes sessions without timers or renderer output
  ---
  duration_ms: 2.8625
  ...
# Subtest: STT cleanup resets identity and closes each socket even if the first close throws
ok 70 - STT cleanup resets identity and closes each socket even if the first close throws
  ---
  duration_ms: 1.6694
  ...
# Subtest: failed STT socket cleanup remains failed on retry while the socket still refuses close
ok 71 - failed STT socket cleanup remains failed on retry while the socket still refuses close
  ---
  duration_ms: 2.3993
  ...
# Subtest: Stop closes old overlap sockets immediately after STT renewal
ok 72 - Stop closes old overlap sockets immediately after STT renewal
  ---
  duration_ms: 2.7801
  ...
# Subtest: cancelled STT initialization preserves failed socket cleanup for retry
ok 73 - cancelled STT initialization preserves failed socket cleanup for retry
  ---
  duration_ms: 2.7654
  ...
# Subtest: failed renewal preserves current provider callbacks
ok 74 - failed renewal preserves current provider callbacks
  ---
  duration_ms: 1.7272
  ...
# Subtest: macOS capture stop waits for process close instead of treating a signal as completion
ok 75 - macOS capture stop waits for process close instead of treating a signal as completion
  ---
  duration_ms: 2.0899
  ...
# Subtest: meeting overlay in the actual Electron renderer
    # Subtest: pending authoritative hydration never mounts the local summary pipeline
    ok 1 - pending authoritative hydration never mounts the local summary pipeline
      ---
      duration_ms: 0.929
      ...
    # Subtest: source selection remains a native interactive control
    ok 2 - source selection remains a native interactive control
      ---
      duration_ms: 0.1277
      ...
    # Subtest: stopped session can restart from the header
    ok 3 - stopped session can restart from the header
      ---
      duration_ms: 0.1243
      ...
    # Subtest: failed local cleanup offers Stop retry before source switching or another Start
    ok 4 - failed local cleanup offers Stop retry before source switching or another Start
      ---
      duration_ms: 0.105
      ...
    # Subtest: meeting height is intrinsic inside the app full-height host
    ok 5 - meeting height is intrinsic inside the app full-height host
      ---
      duration_ms: 0.1022
      ...
    # Subtest: atomic meeting hydration renders transcript and suggestions together as literal text
    ok 6 - atomic meeting hydration renders transcript and suggestions together as literal text
      ---
      duration_ms: 0.1192
      ...
    # Subtest: correction reorder eviction and instance restart replace keyed rows
    ok 7 - correction reorder eviction and instance restart replace keyed rows
      ---
      duration_ms: 0.1031
      ...
    # Subtest: obsolete hydration cannot overwrite a newer push or remounted lifecycle
    ok 8 - obsolete hydration cannot overwrite a newer push or remounted lifecycle
      ---
      duration_ms: 0.1757
      ...
    # Subtest: bounded layout retains scroll and skips equal dimension resize requests
    ok 9 - bounded layout retains scroll and skips equal dimension resize requests
      ---
      duration_ms: 0.1737
      ...
    # Subtest: corrections preserve the visible row anchor and bottom readers follow new rows
    ok 10 - corrections preserve the visible row anchor and bottom readers follow new rows
      ---
      duration_ms: 0.1818
      ...
    # Subtest: no-suggestion outcomes stay hidden and terminal stopped state retains the last view
    ok 11 - no-suggestion outcomes stay hidden and terminal stopped state retains the last view
      ---
      duration_ms: 0.1206
      ...
    # Subtest: source selector is locked active and Ask remains enabled in meeting
    ok 12 - source selector is locked active and Ask remains enabled in meeting
      ---
      duration_ms: 0.1112
      ...
    # Subtest: MainHeader follows authoritative phase without optimistic cycling
    ok 13 - MainHeader follows authoritative phase without optimistic cycling
      ---
      duration_ms: 0.1493
      ...
    # Subtest: meeting-only HeaderController bypasses provider and capture setup including forced reevaluation
    ok 14 - meeting-only HeaderController bypasses provider and capture setup including forced reevaluation
      ---
      duration_ms: 0.1193
      ...
    # Subtest: Local credential setup can be cancelled back to Meeting
    ok 15 - Local credential setup can be cancelled back to Meeting
      ---
      duration_ms: 0.1609
      ...
    # Subtest: Local permission setup can be cancelled back to Meeting
    ok 16 - Local permission setup can be cancelled back to Meeting
      ---
      duration_ms: 0.1245
      ...
    1..16
ok 76 - meeting overlay in the actual Electron renderer
  ---
  duration_ms: 1907.6495
  ...
# Subtest: native locked window grows from 224px to Meeting while preserving configured limits
ok 77 - native locked window grows from 224px to Meeting while preserving configured limits
  ---
  duration_ms: 2479.8572
  ...
# Subtest: win32: healthy endpoint is usable without a local installation
ok 78 - win32: healthy endpoint is usable without a local installation
  ---
  duration_ms: 12.8461
  ...
# Subtest: linux: healthy endpoint is usable without a local installation
ok 79 - linux: healthy endpoint is usable without a local installation
  ---
  duration_ms: 1.0426
  ...
# Subtest: darwin: healthy endpoint is usable without a local installation
ok 80 - darwin: healthy endpoint is usable without a local installation
  ---
  duration_ms: 1.2474
  ...
# Subtest: missing binary and unhealthy endpoint remain uninstalled
ok 81 - missing binary and unhealthy endpoint remain uninstalled
  ---
  duration_ms: 2.939
  ...
# Subtest: connection failure remains uninstalled without throwing
ok 82 - connection failure remains uninstalled without throwing
  ---
  duration_ms: 1.1072
  ...
# Subtest: local binary preserves installed-but-stopped status
ok 83 - local binary preserves installed-but-stopped status
  ---
  duration_ms: 2.9933
  ...
# Subtest: macOS application detection still succeeds without a health probe
ok 84 - macOS application detection still succeeds without a health probe
  ---
  duration_ms: 0.9062
  ...
# Subtest: both status entry points expose endpoint-only models
ok 85 - both status entry points expose endpoint-only models
  ---
  duration_ms: 2.7591
  ...
# Subtest: discovery inserts a missing model with fallback size and remains idempotent
ok 86 - discovery inserts a missing model with fallback size and remains idempotent
  ---
  duration_ms: 3.6373
  ...
# Subtest: discovery refreshes an existing model and preserves a zero size
ok 87 - discovery refreshes an existing model and preserves a zero size
  ---
  duration_ms: 1.401
  ...
# Subtest: readiness waits for asynchronous synchronization before returning
ok 88 - readiness waits for asynchronous synchronization before returning
  ---
  duration_ms: 18.274
  ...
# Subtest: installed but stopped service is started before readiness synchronization
ok 89 - installed but stopped service is started before readiness synchronization
  ---
  duration_ms: 1.1423
  ...
# Subtest: first welcome submission registers, selects and warms a discovered model before a timer tick
ok 90 - first welcome submission registers, selects and warms a discovered model before a timer tick
  ---
  duration_ms: 10.5886
  ...
# Subtest: discovery without Ollama registration is not configured
ok 91 - discovery without Ollama registration is not configured
  ---
  duration_ms: 0.8848
  ...
# Subtest: empty Ollama registration key is not configured
ok 92 - empty Ollama registration key is not configured
  ---
  duration_ms: 0.4665
  ...
# Subtest: Ollama registration without installed models is not configured
ok 93 - Ollama registration without installed models is not configured
  ---
  duration_ms: 0.624
  ...
# Subtest: Ollama without an STT provider is not configured
ok 94 - Ollama without an STT provider is not configured
  ---
  duration_ms: 0.5629
  ...
# Subtest: cloud provider with LLM and STT remains configured without Ollama models
ok 95 - cloud provider with LLM and STT remains configured without Ollama models
  ---
  duration_ms: 0.8573
  ...
# Subtest: cloud provider without a key remains unconfigured
ok 96 - cloud provider without a key remains unconfigured
  ---
  duration_ms: 0.6997
  ...
# Subtest: Whisper alone still cannot satisfy the LLM requirement
ok 97 - Whisper alone still cannot satisfy the LLM requirement
  ---
  duration_ms: 0.5653
  ...
# Subtest: Firebase login still bypasses local provider configuration
ok 98 - Firebase login still bypasses local provider configuration
  ---
  duration_ms: 0.5135
  ...
# Subtest: confirmation centers a disputed span within one full context window
ok 99 - confirmation centers a disputed span within one full context window
  ---
  duration_ms: 4.8023
  ...
# Subtest: scheduled confirmation cannot be sampled before its declared readiness
ok 100 - scheduled confirmation cannot be sampled before its declared readiness
  ---
  duration_ms: 0.6069
  ...
# Subtest: retained audio boundary shifts full context to the right
ok 101 - retained audio boundary shifts full context to the right
  ---
  duration_ms: 0.2941
  ...
# Subtest: final confirmation clamps to EOF and preserves every trailing sample
ok 102 - final confirmation clamps to EOF and preserves every trailing sample
  ---
  duration_ms: 0.3482
  ...
# Subtest: final short retained buffer uses available context without waiting
ok 103 - final short retained buffer uses available context without waiting
  ---
  duration_ms: 0.7885
  ...
# Subtest: odd sample spans remain integer and maximize the weaker edge
ok 104 - odd sample spans remain integer and maximize the weaker edge
  ---
  duration_ms: 0.2277
  ...
# Subtest: a span exactly at the input ceiling fits with no additional context
ok 105 - a span exactly at the input ceiling fits with no additional context
  ---
  duration_ms: 1.2422
  ...
# Subtest: invalid, future, unretained, and over-ceiling spans are rejected
ok 106 - invalid, future, unretained, and over-ceiling spans are rejected
  ---
  duration_ms: 0.981
  ...
# Subtest: near the earliest retained sample confirmation never waits beyond the hard bound
ok 107 - near the earliest retained sample confirmation never waits beyond the hard bound
  ---
  duration_ms: 0.4395
  ...
# Subtest: agreement-independent diversity shifts a full window three seconds later
ok 108 - agreement-independent diversity shifts a full window three seconds later
  ---
  duration_ms: 2.7546
  ...
# Subtest: diversity samples every other continuing analysis, not completed short utterances
ok 109 - diversity samples every other continuing analysis, not completed short utterances
  ---
  duration_ms: 0.3244
  ...
# Subtest: EOF clamps a requested diverse window without extending the source
ok 110 - EOF clamps a requested diverse window without extending the source
  ---
  duration_ms: 0.1972
  ...
# Subtest: diversity bounds obey input and additional-handoff ceilings at all offsets
ok 111 - diversity bounds obey input and additional-handoff ceilings at all offsets
  ---
  duration_ms: 1.3509
  ...
# Subtest: invalid ordinals and source coordinates are rejected
ok 112 - invalid ordinals and source coordinates are rejected
  ---
  duration_ms: 0.742
  ...
# Subtest: diverse observations contribute deeper evidence without advancing the regular cursor
ok 113 - diverse observations contribute deeper evidence without advancing the regular cursor
  ---
  duration_ms: 3.5338
  ...
# Subtest: diversity can recover a previously absent interior word
ok 114 - diversity can recover a previously absent interior word
  ---
  duration_ms: 0.729
  ...
# Subtest: observation IDs are idempotent and cannot claim simultaneous confirmation status
ok 115 - observation IDs are idempotent and cannot claim simultaneous confirmation status
  ---
  duration_ms: 0.4481
  ...
# Subtest: exports a stateful resampler
ok 116 - exports a stateful resampler
  ---
  duration_ms: 1.8364
  ...
# Subtest: arbitrary packet boundaries retain exact converter phase and sample count
ok 117 - arbitrary packet boundaries retain exact converter phase and sample count
  ---
  duration_ms: 1370.1096
  ...
# Subtest: short residual tails and every phase match the one-shot helper
ok 118 - short residual tails and every phase match the one-shot helper
  ---
  duration_ms: 16.6906
  ...
# Subtest: odd-byte rejection and discontinuity do not mutate stream state
ok 119 - odd-byte rejection and discontinuity do not mutate stream state
  ---
  duration_ms: 0.7065
  ...
# Subtest: near-zero input is processed and never rejected by an energy threshold
ok 120 - near-zero input is processed and never rejected by an energy threshold
  ---
  duration_ms: 35.8603
  ...
# Subtest: silence metadata advances the sample clock and preserves filter boundary context
ok 121 - silence metadata advances the sample clock and preserves filter boundary context
  ---
  duration_ms: 23.9397
  ...
# Subtest: fixed 1.5-second original-input telemetry has exact RMS and zero counts
ok 122 - fixed 1.5-second original-input telemetry has exact RMS and zero counts
  ---
  duration_ms: 77.0233
  ...
# Subtest: instances keep channel filter and telemetry state isolated
ok 123 - instances keep channel filter and telemetry state isolated
  ---
  duration_ms: 71.1469
  ...
# Subtest: flush emits residual once and disallows further capture
ok 124 - flush emits residual once and disallows further capture
  ---
  duration_ms: 0.9298
  ...
# Subtest: invalid channels and unbounded inputs are rejected
ok 125 - invalid channels and unbounded inputs are rejected
  ---
  duration_ms: 0.7269
  ...
# Subtest: exports pure constructors and validators
ok 126 - exports pure constructors and validators
  ---
  duration_ms: 2.607
  ...
# Subtest: audio construction owns copied bytes including a Uint8Array view
ok 127 - audio construction owns copied bytes including a Uint8Array view
  ---
  duration_ms: 1.8534
  ...
# Subtest: accepts silence without allocating audio and rejects attached bytes
ok 128 - accepts silence without allocating audio and rejects attached bytes
  ---
  duration_ms: 1.6551
  ...
# Subtest: rejects malformed identities, version and stale expected identity
ok 129 - rejects malformed identities, version and stale expected identity
  ---
  duration_ms: 1.7667
  ...
# Subtest: rejects invalid PCM sizing, timing and unsafe sample ranges
ok 130 - rejects invalid PCM sizing, timing and unsafe sample ranges
  ---
  duration_ms: 1.7147
  ...
# Subtest: only model window 512 is accepted; transport feed 480 and 512 both work
ok 131 - only model window 512 is accepted; transport feed 480 and 512 both work
  ---
  duration_ms: 0.3819
  ...
# Subtest: all commands and reply types have bounded validated envelopes
ok 132 - all commands and reply types have bounded validated envelopes
  ---
  duration_ms: 0.8229
  ...
# Subtest: result ranges, timings, text bounds and commitment watermark are validated
ok 133 - result ranges, timings, text bounds and commitment watermark are validated
  ---
  duration_ms: 0.5727
  ...
# Subtest: telemetry is compact metadata with no transcript or raw audio
ok 134 - telemetry is compact metadata with no transcript or raw audio
  ---
  duration_ms: 0.9078
  ...
# Subtest: init requires all five model paths and rejects missing or oversized paths
ok 135 - init requires all five model paths and rejects missing or oversized paths
  ---
  duration_ms: 0.8479
  ...
# Subtest: planner boundary preferred-silence is valid in result and telemetry replies
ok 136 - planner boundary preferred-silence is valid in result and telemetry replies
  ---
  duration_ms: 0.4136
  ...
# Subtest: planner boundary flush is valid in result and telemetry replies
ok 137 - planner boundary flush is valid in result and telemetry replies
  ---
  duration_ms: 0.2179
  ...
# Subtest: exports span constructors and a pure transactional reducer
ok 138 - exports span constructors and a pure transactional reducer
  ---
  duration_ms: 2.6411
  ...
# Subtest: v1 span updates carry explicit 16 kHz source positions and provisional/final flags
ok 139 - v1 span updates carry explicit 16 kHz source positions and provisional/final flags
  ---
  duration_ms: 1.8249
  ...
# Subtest: constructors copy span values and removal arrays
ok 140 - constructors copy span values and removal arrays
  ---
  duration_ms: 0.2445
  ...
# Subtest: emission projection strips internal evidence and keeps absolute 16 kHz samples unchanged
ok 141 - emission projection strips internal evidence and keeps absolute 16 kHz samples unchanged
  ---
  duration_ms: 1.2768
  ...
# Subtest: span updates enforce bounded collections and text
ok 142 - span updates enforce bounded collections and text
  ---
  duration_ms: 1.8418
  ...
# Subtest: span fields reject unsafe integers, invalid ranges, flags, and source clocks
ok 143 - span fields reject unsafe integers, invalid ranges, flags, and source clocks
  ---
  duration_ms: 2.1056
  ...
# Subtest: span IDs are unique and disjoint from removal IDs
ok 144 - span IDs are unique and disjoint from removal IDs
  ---
  duration_ms: 0.5925
  ...
# Subtest: closed wire schema rejects audio, credentials, and internal span metadata
ok 145 - closed wire schema rejects audio, credentials, and internal span metadata
  ---
  duration_ms: 4.2943
  ...
# Subtest: span updates retain expected session and generation checks
ok 146 - span updates retain expected session and generation checks
  ---
  duration_ms: 1.0354
  ...
# Subtest: provisional revisions and merge removals produce an owned map
ok 147 - provisional revisions and merge removals produce an owned map
  ---
  duration_ms: 0.611
  ...
# Subtest: stale revisions and duplicate delivery are idempotent
ok 148 - stale revisions and duplicate delivery are idempotent
  ---
  duration_ms: 1.3382
  ...
# Subtest: finalization uses a new revision and final spans cannot be revised or removed
ok 149 - finalization uses a new revision and final spans cannot be revised or removed
  ---
  duration_ms: 0.5009
  ...
# Subtest: invalid multi-span transactions leave every input value unchanged
ok 150 - invalid multi-span transactions leave every input value unchanged
  ---
  duration_ms: 0.5121
  ...
# Subtest: BPE tokens preserve words, punctuation, contractions and source times
ok 151 - BPE tokens preserve words, punctuation, contractions and source times
  ---
  duration_ms: 4.3544
  ...
# Subtest: numeric BPE pieces and standalone spaces use the raw result text
ok 152 - numeric BPE pieces and standalone spaces use the raw result text
  ---
  duration_ms: 0.4463
  ...
# Subtest: malformed token timing and source bounds are rejected
ok 153 - malformed token timing and source bounds are rejected
  ---
  duration_ms: 1.289
  ...
# Subtest: first observation displays all words provisionally, including the trailing edge
ok 154 - first observation displays all words provisionally, including the trailing edge
  ---
  duration_ms: 1.1225
  ...
# Subtest: natural end is not finality while source audio remains retained
ok 155 - natural end is not finality while source audio remains retained
  ---
  duration_ms: 0.4206
  ...
# Subtest: deeper evidence immediately replaces a provisional span using the same ID
ok 156 - deeper evidence immediately replaces a provisional span using the same ID
  ---
  duration_ms: 1.6646
  ...
# Subtest: best edge distance wins even if the last arriving observation is weaker
ok 157 - best edge distance wins even if the last arriving observation is weaker
  ---
  duration_ms: 0.7834
  ...
# Subtest: source clock finalizes exactly at the 25-second retention age
ok 158 - source clock finalizes exactly at the 25-second retention age
  ---
  duration_ms: 0.4746
  ...
# Subtest: silence alone advances finalization without another decoder result
ok 159 - silence alone advances finalization without another decoder result
  ---
  duration_ms: 0.489
  ...
# Subtest: late decoder output cannot alter a finalized span or resurrect a duplicate
ok 160 - late decoder output cannot alter a finalized span or resurrect a duplicate
  ---
  duration_ms: 0.5519
  ...
# Subtest: stop settles every displayed tail then rejects further observations
ok 161 - stop settles every displayed tail then rejects further observations
  ---
  duration_ms: 0.4323
  ...
# Subtest: a dispute never blocks provisionals before or after its own span
ok 162 - a dispute never blocks provisionals before or after its own span
  ---
  duration_ms: 1.2494
  ...
# Subtest: a covered omission does not silently erase the best known negation
ok 163 - a covered omission does not silently erase the best known negation
  ---
  duration_ms: 0.6111
  ...
# Subtest: split and merged alternatives are atomic replacements, not duplicate suffixes
ok 164 - split and merged alternatives are atomic replacements, not duplicate suffixes
  ---
  duration_ms: 0.528
  ...
# Subtest: a matching prefix does not discard the rest of a split hypothesis
ok 165 - a matching prefix does not discard the rest of a split hypothesis
  ---
  duration_ms: 0.4031
  ...
# Subtest: repeated words retain distinct occurrence IDs through revisions
ok 166 - repeated words retain distinct occurrence IDs through revisions
  ---
  duration_ms: 0.4503
  ...
# Subtest: duplicate result IDs do not produce duplicate provisional events
ok 167 - duplicate result IDs do not produce duplicate provisional events
  ---
  duration_ms: 0.3234
  ...
# Subtest: invalid future source clocks and word bounds do not age existing spans
ok 168 - invalid future source clocks and word bounds do not age existing spans
  ---
  duration_ms: 0.5704
  ...
# Subtest: settled anchors prevent timestamp drift from reopening a word at the cutoff
ok 169 - settled anchors prevent timestamp drift from reopening a word at the cutoff
  ---
  duration_ms: 0.3493
  ...
# Subtest: a late natural completion may reanalyse a zero-new-audio final context
ok 170 - a late natural completion may reanalyse a zero-new-audio final context
  ---
  duration_ms: 0.6357
  ...
# Subtest: pure silence has no decode and remains bounded
ok 171 - pure silence has no decode and remains bounded
  ---
  duration_ms: 2558.2454
  ...
# Subtest: natural VAD range keeps both allowances and exact original samples
ok 172 - natural VAD range keeps both allowances and exact original samples
  ---
  duration_ms: 10.9709
  ...
# Subtest: continuous speech forces handoff by 18.75s with input <=19.5s
ok 173 - continuous speech forces handoff by 18.75s with input <=19.5s
  ---
  duration_ms: 806.9384
  ...
# Subtest: silence candidates do not postpone the three-second revisable analysis
ok 174 - silence candidates do not postpone the three-second revisable analysis
  ---
  duration_ms: 84.7517
  ...
# Subtest: a short silence does not interrupt cadence; exact zero still advances active speech
ok 175 - a short silence does not interrupt cadence; exact zero still advances active speech
  ---
  duration_ms: 97.4851
  ...
# Subtest: entirely zero proposed speech skips decoding; nonzero is never energy gated
ok 176 - entirely zero proposed speech skips decoding; nonzero is never energy gated
  ---
  duration_ms: 1.5995
  ...
# Subtest: flush preserves sub-window residual and is idempotent
ok 177 - flush preserves sub-window residual and is idempotent
  ---
  duration_ms: 0.6057
  ...
# Subtest: overlapping padded VAD ranges merge but cannot defeat the hard bound
ok 178 - overlapping padded VAD ranges merge but cannot defeat the hard bound
  ---
  duration_ms: 85.3582
  ...
# Subtest: ownership intervals are contiguous across forced cuts on both channels
ok 179 - ownership intervals are contiguous across forced cuts on both channels
  ---
  duration_ms: 750.6001
  ...
# Subtest: rejects future/out-of-order speech evidence and nonfinite PCM
ok 180 - rejects future/out-of-order speech evidence and nonfinite PCM
  ---
  duration_ms: 0.4004
  ...
# Subtest: a preferred silence beyond the padded natural end leaves no backwards residual
ok 181 - a preferred silence beyond the padded natural end leaves no backwards residual
  ---
  duration_ms: 76.3639
  ...
# Subtest: actual packet callback, not an invented earlier ready time, meets the handoff bound
ok 182 - actual packet callback, not an invented earlier ready time, meets the handoff bound
  ---
  duration_ms: 759.961
  ...
# Subtest: onset inside a packet preserves the sample ramp and oversized input requires reblocking
ok 183 - onset inside a packet preserves the sample ramp and oversized input requires reblocking
  ---
  duration_ms: 0.3527
  ...
# Subtest: three-second advances grow the prefix then carry 16.5 seconds of context
ok 184 - three-second advances grow the prefix then carry 16.5 seconds of context
  ---
  duration_ms: 368.528
  ...
# Subtest: context PCM remains an exact source slice after several advances
ok 185 - context PCM remains an exact source slice after several advances
  ---
  duration_ms: 569.6793
  ...
# Subtest: a natural end just before a context cut cannot create a backwards remainder
ok 186 - a natural end just before a context cut cannot create a backwards remainder
  ---
  duration_ms: 69.8249
  ...
# Subtest: first live analysis arrives on the first frame at three seconds without forced lookahead
ok 187 - first live analysis arrives on the first frame at three seconds without forced lookahead
  ---
  duration_ms: 3.7802
  ...
# Subtest: flush covers every tail sample after rapid full-context advances
ok 188 - flush covers every tail sample after rapid full-context advances
  ---
  duration_ms: 409.4567
  ...
# Subtest: late natural completion closes at current ownership without a backwards final job
ok 189 - late natural completion closes at current ownership without a backwards final job
  ---
  duration_ms: 15.3716
  ...
# Subtest: flush also clamps late native completion to current ownership
ok 190 - flush also clamps late native completion to current ownership
  ---
  duration_ms: 13.4133
  ...
# Subtest: active and idle buffers retain exactly the last 25 seconds of source PCM
ok 191 - active and idle buffers retain exactly the last 25 seconds of source PCM
  ---
  duration_ms: 692.1104
  ...
# Subtest: whisper-tiny selection reaches both STT provider sessions
ok 192 - whisper-tiny selection reaches both STT provider sessions
  ---
  duration_ms: 7.1373
  ...
# Subtest: whisper-tiny selection survives scheduled session renewal
ok 193 - whisper-tiny selection survives scheduled session renewal
  ---
  duration_ms: 3.2466
  ...
# Subtest: whisper-medium selection reaches both STT provider sessions
ok 194 - whisper-medium selection reaches both STT provider sessions
  ---
  duration_ms: 1.3901
  ...
# Subtest: whisper-medium selection survives scheduled session renewal
ok 195 - whisper-medium selection survives scheduled session renewal
  ---
  duration_ms: 2.0973
  ...
# Subtest: renewal reads an updated Tiny-to-Medium selection for both sessions
ok 196 - renewal reads an updated Tiny-to-Medium selection for both sessions
  ---
  duration_ms: 2.1909
  ...
# Subtest: cloud provider options remain unchanged by Whisper model pass-through
ok 197 - cloud provider options remain unchanged by Whisper model pass-through
  ---
  duration_ms: 2.3678
  ...
# Subtest: reset clears summary session identity
ok 198 - reset clears summary session identity
  ---
  duration_ms: 4.0021
  ...
# Subtest: late summary completion after reset cannot save, render, or overwrite the new lifecycle
ok 199 - late summary completion after reset cannot save, render, or overwrite the new lifecycle
  ---
  duration_ms: 1.914
  ...
# Subtest: reset during a pending summary save prevents late rendering and analysis state changes
ok 200 - reset during a pending summary save prevents late rendering and analysis state changes
  ---
  duration_ms: 4.2378
  ...
# Subtest: system-audio success waits for provider forwarding before the IPC reference event
ok 201 - system-audio success waits for provider forwarding before the IPC reference event
  ---
  duration_ms: 6.5699
  ...
# Subtest: whisper system audio retains provider payload and emits exactly one AEC reference
ok 202 - whisper system audio retains provider payload and emits exactly one AEC reference
  ---
  duration_ms: 2.5172
  ...
# Subtest: gemini system audio retains provider payload and emits exactly one AEC reference
ok 203 - gemini system audio retains provider payload and emits exactly one AEC reference
  ---
  duration_ms: 2.4239
  ...
# Subtest: deepgram system audio retains provider payload and emits exactly one AEC reference
ok 204 - deepgram system audio retains provider payload and emits exactly one AEC reference
  ---
  duration_ms: 2.9422
  ...
# Subtest: provider rejection propagates without a success result or AEC reference
ok 205 - provider rejection propagates without a success result or AEC reference
  ---
  duration_ms: 2.4942
  ...
# Subtest: inactive STT session rejects without emitting an AEC reference
ok 206 - inactive STT session rejects without emitting an AEC reference
  ---
  duration_ms: 2.1074
  ...
# Subtest: missing model information rejects without forwarding or an AEC reference
ok 207 - missing model information rejects without forwarding or an AEC reference
  ---
  duration_ms: 2.4994
  ...
# Subtest: Whisper help on stderr with exit zero verifies successfully
ok 208 - Whisper help on stderr with exit zero verifies successfully
  ---
  duration_ms: 11.8511
  ...
# Subtest: nonzero help with stdout-only warning fails execution verification
ok 209 - nonzero help with stdout-only warning fails execution verification
  ---
  duration_ms: 1.2294
  ...
# Subtest: even a zero-exit deprecation warning is not a transcription CLI
ok 210 - even a zero-exit deprecation warning is not a transcription CLI
  ---
  duration_ms: 0.9036
  ...
# Subtest: existing executable is executed before reuse, without reinstalling
ok 211 - existing executable is executed before reuse, without reinstalling
  ---
  duration_ms: 1.1733
  ...
# Subtest: failing existing executable triggers replacement and verifies the replacement
ok 212 - failing existing executable triggers replacement and verifies the replacement
  ---
  duration_ms: 1.4823
  ...
# Subtest: replacement that still fails execution is rejected
ok 213 - replacement that still fails execution is rejected
  ---
  duration_ms: 1.4221
  ...
# Subtest: finder selects modern CLI names and ignores legacy stubs and streaming tools
ok 214 - finder selects modern CLI names and ignores legacy stubs and streaming tools
  ---
  duration_ms: 20.2614
  ...
# Subtest: Windows installer preserves the CLI companion DLLs and verifies execution
ok 215 - Windows installer preserves the CLI companion DLLs and verifies execution
  ---
  duration_ms: 35.3061
  ...
# Subtest: Whisper boundary converts one second of 24 kHz PCM to 16 kHz PCM
ok 216 - Whisper boundary converts one second of 24 kHz PCM to 16 kHz PCM
  ---
  duration_ms: 34.7202
  ...
# Subtest: 24-to-16 kHz conversion attenuates frequencies above the new Nyquist limit
ok 217 - 24-to-16 kHz conversion attenuates frequencies above the new Nyquist limit
  ---
  duration_ms: 28.2869
  ...
# Subtest: 24-to-16 kHz resampler preserves silence independently of the decode gate
ok 218 - 24-to-16 kHz resampler preserves silence independently of the decode gate
  ---
  duration_ms: 17.1393
  ...
# Subtest: stdout-only nonzero exit reports code and both streams to logs and callbacks
ok 219 - stdout-only nonzero exit reports code and both streams to logs and callbacks
  ---
  duration_ms: 11.5194
  ...
# Subtest: spawn errors surface once and cleanup still happens on close
ok 220 - spawn errors surface once and cleanup still happens on close
  ---
  duration_ms: 3.4871
  ...
# Subtest: successful CLI stdout becomes transcription
ok 221 - successful CLI stdout becomes transcription
  ---
  duration_ms: 2.9193
  ...
# Subtest: intentional shutdown does not emit an unhandled process failure
ok 222 - intentional shutdown does not emit an unhandled process failure
  ---
  duration_ms: 3.2486
  ...
# Subtest: managed CLI installation status requires successful execution even without PATH
ok 223 - managed CLI installation status requires successful execution even without PATH
  ---
  duration_ms: 4.3338
  ...
# Subtest: broken managed CLI is not reported installed
ok 224 - broken managed CLI is not reported installed
  ---
  duration_ms: 0.878
  ...
# Subtest: concurrent initialization shares one installation attempt
ok 225 - concurrent initialization shares one installation attempt
  ---
  duration_ms: 2.1375
  ...
# Subtest: my exact-zero chunk skips WAV creation and CLI spawn, then accepts nonzero audio
ok 226 - my exact-zero chunk skips WAV creation and CLI spawn, then accepts nonzero audio
  ---
  duration_ms: 24.3377
  ...
# Subtest: their exact-zero chunk skips WAV creation and CLI spawn, then accepts nonzero audio
ok 227 - their exact-zero chunk skips WAV creation and CLI spawn, then accepts nonzero audio
  ---
  duration_ms: 43.9782
  ...
# Subtest: PCM16 RMS uses signed samples and full-scale 32768 without gating near-zero values
ok 228 - PCM16 RMS uses signed samples and full-scale 32768 without gating near-zero values
  ---
  duration_ms: 0.7476
  ...
# Subtest: chunk debug record distinguishes decoded text from duplicate suppression without logging text
ok 229 - chunk debug record distinguishes decoded text from duplicate suppression without logging text
  ---
  duration_ms: 44.4521
  ...
# Subtest: one debug record for failed spawn plus close, with no successful transcription
ok 230 - one debug record for failed spawn plus close, with no successful transcription
  ---
  duration_ms: 2.3288
  ...
# Subtest: debug disabled still skips zero audio and decodes nonzero audio
ok 231 - debug disabled still skips zero audio and decodes nonzero audio
  ---
  duration_ms: 2.096
  ...
# Subtest: immediate layout cancels the older animation (original VM drift reproduction)
ok 232 - immediate layout cancels the older animation (original VM drift reproduction)
  ---
  duration_ms: 11.2959
  ...
# Subtest: native header movement follows continuously before the final moved event
ok 233 - native header movement follows continuously before the final moved event
  ---
  duration_ms: 5.9163
  ...
# Subtest: explicit drag synchronizes children even without native move events
ok 234 - explicit drag synchronizes children even without native move events
  ---
  duration_ms: 3.9883
  ...
# Subtest: drag during transcript growth preserves requested height and restores resize state
ok 235 - drag during transcript growth preserves requested height and restores resize state
  ---
  duration_ms: 5.5633
  ...
# Subtest: final moved event reconciles position while a child animation is active
ok 236 - final moved event reconciles position while a child animation is active
  ---
  duration_ms: 5.1681
  ...
# Subtest: Ask and Listen remain side by side through left and right edge drags
ok 237 - Ask and Listen remain side by side through left and right edge drags
  ---
  duration_ms: 5.025
  ...
# Subtest: screen-edge transitions place Listen above then below without stale jumps
ok 238 - screen-edge transitions place Listen above then below without stale jumps
  ---
  duration_ms: 4.8589
  ...
# Subtest: attachment uses the destination monitor origin
ok 239 - attachment uses the destination monitor origin
  ---
  duration_ms: 5.5763
  ...
# Subtest: keyboard movement keeps attachment through animation and at completion
ok 240 - keyboard movement keeps attachment through animation and at completion
  ---
  duration_ms: 7.0009
  ...
# Subtest: manual drag supersedes a running header animation
ok 241 - manual drag supersedes a running header animation
  ---
  duration_ms: 5.054
  ...
# Subtest: 175% DPI rounding does not accumulate size over repeated Listen drags
ok 242 - 175% DPI rounding does not accumulate size over repeated Listen drags
  ---
  duration_ms: 11.7443
  ...
# Subtest: rounded Ask + Listen bounds stay bounded during drag and transcript growth
ok 243 - rounded Ask + Listen bounds stay bounded during drag and transcript growth
  ---
  duration_ms: 9.6006
  ...
# Subtest: DPI rounding across below/above transitions does not change requested dimensions
ok 244 - DPI rounding across below/above transitions does not change requested dimensions
  ---
  duration_ms: 7.2214
  ...
# Subtest: meeting container attaches to the 445x47 source-control header
ok 245 - meeting container attaches to the 445x47 source-control header
  ---
  duration_ms: 9.1147
  ...
# Subtest: meeting stream/status updates with equal measurements do not restart resizing
ok 246 - meeting stream/status updates with equal measurements do not restart resizing
  ---
  duration_ms: 19.616
  ...
# Subtest: meeting measurement rounds upward and caps status/error chrome at 700px
ok 247 - meeting measurement rounds upward and caps status/error chrome at 700px
  ---
  duration_ms: 10.6759
  ...
# Subtest: meeting drag and below/above destination-monitor transitions stay bounded (rounding 0 DIP)
ok 248 - meeting drag and below/above destination-monitor transitions stay bounded (rounding 0 DIP)
  ---
  duration_ms: 17.2771
  ...
# Subtest: meeting drag and below/above destination-monitor transitions stay bounded (rounding 2 DIP)
ok 249 - meeting drag and below/above destination-monitor transitions stay bounded (rounding 2 DIP)
  ---
  duration_ms: 19.3544
  ...
# Subtest: meeting and Ask keep independent heights side by side across monitors and edges
ok 250 - meeting and Ask keep independent heights side by side across monitors and edges
  ---
  duration_ms: 10.862
  ...
# Subtest: Stop retains meeting geometry and switching to local resizes from local content
ok 251 - Stop retains meeting geometry and switching to local resizes from local content
  ---
  duration_ms: 13.4385
  ...
# Subtest: native-style locked min/max cannot replace intended limits
ok 252 - native-style locked min/max cannot replace intended limits
  ---
  duration_ms: 7.2681
  ...
# Subtest: drag during resize settles applied acknowledgement and restores the resize lock
ok 253 - drag during resize settles applied acknowledgement and restores the resize lock
  ---
  duration_ms: 12.2127
  ...
# Subtest: a superseded resize settles false and the latest request owns the lock
ok 254 - a superseded resize settles false and the latest request owns the lock
  ---
  duration_ms: 5.1203
  ...
# Subtest: native rejection is reported using actual bounds, not requested-size bookkeeping
ok 255 - native rejection is reported using actual bounds, not requested-size bookkeeping
  ---
  duration_ms: 4.7419
  ...
# Subtest: native setter failure settles the IPC response and restores the lock
ok 256 - native setter failure settles the IPC response and restores the lock
  ---
  duration_ms: 4.2196
  ...
# Subtest: missing windows and invalid sizes return a failed acknowledgement
ok 257 - missing windows and invalid sizes return a failed acknowledgement
  ---
  duration_ms: 4.8468
  ...
1..257
# tests 273
# suites 0
# pass 273
# fail 0
# cancelled 0
# skipped 0
# todo 0
# duration_ms 7712.0783
