TAP version 13
# Subtest: meeting overlay in the actual Electron renderer
    # Subtest: pending authoritative hydration never mounts the local summary pipeline
    ok 1 - pending authoritative hydration never mounts the local summary pipeline
      ---
      duration_ms: 0.6128
      type: 'test'
      ...
    # Subtest: source selection remains a native interactive control
    ok 2 - source selection remains a native interactive control
      ---
      duration_ms: 0.0918
      type: 'test'
      ...
    # Subtest: stopped session can restart from the header
    ok 3 - stopped session can restart from the header
      ---
      duration_ms: 0.1205
      type: 'test'
      ...
    # Subtest: failed local cleanup offers Stop retry before source switching or another Start
    not ok 4 - failed local cleanup offers Stop retry before source switching or another Start
      ---
      duration_ms: 0.7243
      type: 'test'
      location: 'C:\\Users\\User\\digital_twin\\glass\\tests\\meeting-renderer.test.js:20:43'
      failureType: 'testCodeFailure'
      error: |-
        cleanup failure offers Stop retry without provider setup
        + actual - expected
        
        + 'cleanup failure offers Stop retry without provider setup'
        - null
        
      code: 'ERR_ASSERTION'
      name: 'AssertionError'
      expected: ~
      actual: 'cleanup failure offers Stop retry without provider setup'
      operator: 'strictEqual'
      stack: |-
        TestContext.<anonymous> (C:\Users\User\digital_twin\glass\tests\meeting-renderer.test.js:20:74)
        Test.runInAsyncScope (node:async_hooks:214:14)
        Test.run (node:internal/test_runner/test:1103:25)
        Test.start (node:internal/test_runner/test:1000:17)
        TestContext.test (node:internal/test_runner/test:367:20)
        TestContext.<anonymous> (C:\Users\User\digital_twin\glass\tests\meeting-renderer.test.js:20:43)
        process.processTicksAndRejections (node:internal/process/task_queues:103:5)
        async Test.run (node:internal/test_runner/test:1110:7)
        async startSubtestAfterBootstrap (node:internal/test_runner/harness:358:3)
      ...
    # Subtest: meeting height is intrinsic inside the app full-height host
    ok 5 - meeting height is intrinsic inside the app full-height host
      ---
      duration_ms: 0.1071
      type: 'test'
      ...
    # Subtest: atomic meeting hydration renders transcript and suggestions together as literal text
    ok 6 - atomic meeting hydration renders transcript and suggestions together as literal text
      ---
      duration_ms: 0.0791
      type: 'test'
      ...
    # Subtest: correction reorder eviction and instance restart replace keyed rows
    ok 7 - correction reorder eviction and instance restart replace keyed rows
      ---
      duration_ms: 0.0786
      type: 'test'
      ...
    # Subtest: obsolete hydration cannot overwrite a newer push or remounted lifecycle
    ok 8 - obsolete hydration cannot overwrite a newer push or remounted lifecycle
      ---
      duration_ms: 0.0963
      type: 'test'
      ...
    # Subtest: bounded layout retains scroll and skips equal dimension resize requests
    ok 9 - bounded layout retains scroll and skips equal dimension resize requests
      ---
      duration_ms: 0.1112
      type: 'test'
      ...
    # Subtest: corrections preserve the visible row anchor and bottom readers follow new rows
    ok 10 - corrections preserve the visible row anchor and bottom readers follow new rows
      ---
      duration_ms: 0.1264
      type: 'test'
      ...
    # Subtest: no-suggestion outcomes stay hidden and terminal stopped state retains the last view
    ok 11 - no-suggestion outcomes stay hidden and terminal stopped state retains the last view
      ---
      duration_ms: 0.1171
      type: 'test'
      ...
    # Subtest: source selector is locked active and Ask remains enabled in meeting
    ok 12 - source selector is locked active and Ask remains enabled in meeting
      ---
      duration_ms: 0.0596
      type: 'test'
      ...
    # Subtest: MainHeader follows authoritative phase without optimistic cycling
    ok 13 - MainHeader follows authoritative phase without optimistic cycling
      ---
      duration_ms: 0.0511
      type: 'test'
      ...
    # Subtest: meeting-only HeaderController bypasses provider and capture setup including forced reevaluation
    ok 14 - meeting-only HeaderController bypasses provider and capture setup including forced reevaluation
      ---
      duration_ms: 0.0553
      type: 'test'
      ...
    # Subtest: Local credential setup can be cancelled back to Meeting
    ok 15 - Local credential setup can be cancelled back to Meeting
      ---
      duration_ms: 0.0574
      type: 'test'
      ...
    # Subtest: Local permission setup can be cancelled back to Meeting
    ok 16 - Local permission setup can be cancelled back to Meeting
      ---
      duration_ms: 0.0554
      type: 'test'
      ...
    1..16
not ok 1 - meeting overlay in the actual Electron renderer
  ---
  duration_ms: 2124.1998
  type: 'test'
  location: 'C:\\Users\\User\\digital_twin\\glass\\tests\\meeting-renderer.test.js:6:1'
  failureType: 'subtestsFailed'
  error: '1 subtest failed'
  code: 'ERR_TEST_FAILURE'
  ...
1..1
# tests 17
# suites 0
# pass 15
# fail 2
# cancelled 0
# skipped 0
# todo 0
# duration_ms 2189.4096
