TAP version 13
# Subtest: meeting overlay in the actual Electron renderer
    # Subtest: source selection remains a native interactive control
    ok 1 - source selection remains a native interactive control
      ---
      duration_ms: 0.6733
      type: 'test'
      ...
    # Subtest: stopped session can restart from the header
    ok 2 - stopped session can restart from the header
      ---
      duration_ms: 0.1058
      type: 'test'
      ...
    # Subtest: meeting height is intrinsic inside the app full-height host
    ok 3 - meeting height is intrinsic inside the app full-height host
      ---
      duration_ms: 0.2323
      type: 'test'
      ...
    # Subtest: atomic meeting hydration renders transcript and suggestions together as literal text
    ok 4 - atomic meeting hydration renders transcript and suggestions together as literal text
      ---
      duration_ms: 0.1294
      type: 'test'
      ...
    # Subtest: correction reorder eviction and instance restart replace keyed rows
    ok 5 - correction reorder eviction and instance restart replace keyed rows
      ---
      duration_ms: 0.1322
      type: 'test'
      ...
    # Subtest: obsolete hydration cannot overwrite a newer push or remounted lifecycle
    ok 6 - obsolete hydration cannot overwrite a newer push or remounted lifecycle
      ---
      duration_ms: 0.1332
      type: 'test'
      ...
    # Subtest: bounded layout retains scroll and skips equal dimension resize requests
    ok 7 - bounded layout retains scroll and skips equal dimension resize requests
      ---
      duration_ms: 0.1318
      type: 'test'
      ...
    # Subtest: corrections preserve the visible row anchor and bottom readers follow new rows
    ok 8 - corrections preserve the visible row anchor and bottom readers follow new rows
      ---
      duration_ms: 0.162
      type: 'test'
      ...
    # Subtest: no-suggestion outcomes stay hidden and terminal stopped state retains the last view
    ok 9 - no-suggestion outcomes stay hidden and terminal stopped state retains the last view
      ---
      duration_ms: 0.1203
      type: 'test'
      ...
    # Subtest: source selector is locked active and Ask remains enabled in meeting
    ok 10 - source selector is locked active and Ask remains enabled in meeting
      ---
      duration_ms: 0.1205
      type: 'test'
      ...
    # Subtest: MainHeader follows authoritative phase without optimistic cycling
    ok 11 - MainHeader follows authoritative phase without optimistic cycling
      ---
      duration_ms: 0.1082
      type: 'test'
      ...
    # Subtest: meeting-only HeaderController bypasses provider and capture setup including forced reevaluation
    ok 12 - meeting-only HeaderController bypasses provider and capture setup including forced reevaluation
      ---
      duration_ms: 0.0562
      type: 'test'
      ...
    # Subtest: Local credential setup can be cancelled back to Meeting
    not ok 13 - Local credential setup can be cancelled back to Meeting
      ---
      duration_ms: 0.7941
      type: 'test'
      location: 'C:\\Users\\User\\digital_twin\\glass\\tests\\meeting-renderer.test.js:20:43'
      failureType: 'testCodeFailure'
      error: |-
        credential Back returns to source selection
        + actual - expected
        
        + 'credential Back returns to source selection'
        - null
        
      code: 'ERR_ASSERTION'
      name: 'AssertionError'
      expected: ~
      actual: 'credential Back returns to source selection'
      operator: 'strictEqual'
      stack: |-
        TestContext.<anonymous> (C:\Users\User\digital_twin\glass\tests\meeting-renderer.test.js:20:74)
        Test.runInAsyncScope (node:async_hooks:214:14)
        Test.run (node:internal/test_runner/test:1103:25)
        Test.start (node:internal/test_runner/test:1000:17)
        TestContext.test (node:internal/test_runner/test:367:20)
        TestContext.<anonymous> (C:\Users\User\digital_twin\glass\tests\meeting-renderer.test.js:20:43)
        process.processTicksAndRejections (node:internal/process/task_queues:103:5)
        async Test.run (node:internal/test_runner/test:1110:7)
        async startSubtestAfterBootstrap (node:internal/test_runner/harness:358:3)
      ...
    # Subtest: Local permission setup can be cancelled back to Meeting
    not ok 14 - Local permission setup can be cancelled back to Meeting
      ---
      duration_ms: 0.1667
      type: 'test'
      location: 'C:\\Users\\User\\digital_twin\\glass\\tests\\meeting-renderer.test.js:20:43'
      failureType: 'testCodeFailure'
      error: |-
        permission Back returns to source selection
        + actual - expected
        
        + 'permission Back returns to source selection'
        - null
        
      code: 'ERR_ASSERTION'
      name: 'AssertionError'
      expected: ~
      actual: 'permission Back returns to source selection'
      operator: 'strictEqual'
      stack: |-
        TestContext.<anonymous> (C:\Users\User\digital_twin\glass\tests\meeting-renderer.test.js:20:74)
        Test.runInAsyncScope (node:async_hooks:214:14)
        Test.run (node:internal/test_runner/test:1103:25)
        Test.start (node:internal/test_runner/test:1000:17)
        TestContext.test (node:internal/test_runner/test:367:20)
        TestContext.<anonymous> (C:\Users\User\digital_twin\glass\tests\meeting-renderer.test.js:20:43)
        process.processTicksAndRejections (node:internal/process/task_queues:103:5)
        async Test.run (node:internal/test_runner/test:1110:7)
        async startSubtestAfterBootstrap (node:internal/test_runner/harness:358:3)
      ...
    1..14
not ok 1 - meeting overlay in the actual Electron renderer
  ---
  duration_ms: 2033.9379
  type: 'test'
  location: 'C:\\Users\\User\\digital_twin\\glass\\tests\\meeting-renderer.test.js:6:1'
  failureType: 'subtestsFailed'
  error: '2 subtests failed'
  code: 'ERR_TEST_FAILURE'
  ...
1..1
# tests 15
# suites 0
# pass 12
# fail 3
# cancelled 0
# skipped 0
# todo 0
# duration_ms 2099.944
