TAP version 13
# Subtest: combined cancellation propagates first reason and handles already-aborted signals
ok 1 - combined cancellation propagates first reason and handles already-aborted signals
  ---
  duration_ms: 2.447
  ...
# Subtest: no-suggestion completes checkpoint including console-suppressed repetition
ok 2 - no-suggestion completes checkpoint including console-suppressed repetition
  ---
  duration_ms: 32.8659
  ...
# Subtest: a model error marks case unevaluated and consumes it without retrying
ok 3 - a model error marks case unevaluated and consumes it without retrying
  ---
  duration_ms: 10.9446
  ...
# Subtest: checkpoint waits for its final partial revision despite an earlier in-flight snapshot
ok 4 - checkpoint waits for its final partial revision despite an earlier in-flight snapshot
  ---
  duration_ms: 11.2376
  ...
# Subtest: bounded checkpoint aborts a stuck request and allows the next case
ok 5 - bounded checkpoint aborts a stuck request and allows the next case
  ---
  duration_ms: 27.573
  ...
# Subtest: checkpoint cancellation does not wait for a model response
ok 6 - checkpoint cancellation does not wait for a model response
  ---
  duration_ms: 1.7296
  ...
# Subtest: checkpoint waiting cannot bypass the trigger interval
ok 7 - checkpoint waiting cannot bypass the trigger interval
  ---
  duration_ms: 12.6156
  ...
# Subtest: a slow failed checkpoint cannot retry before the waiter observes its outcome
ok 8 - a slow failed checkpoint cannot retry before the waiter observes its outcome
  ---
  duration_ms: 13.9674
  ...
# Subtest: rejected checkpoint event cannot inherit an earlier completed answer
ok 9 - rejected checkpoint event cannot inherit an earlier completed answer
  ---
  duration_ms: 0.9214
  ...
# Subtest: retained identical updates are accepted but out-of-window events are rejected for checkpoints
ok 10 - retained identical updates are accepted but out-of-window events are rejected for checkpoints
  ---
  duration_ms: 0.5429
  ...
# Subtest: new chunks are ordered chronologically with stable ties; input stays unchanged
ok 11 - new chunks are ordered chronologically with stable ties; input stays unchanged
  ---
  duration_ms: 3.7407
  ...
# Subtest: same ID replaces full entry in place without duplicates
ok 12 - same ID replaces full entry in place without duplicates
  ---
  duration_ms: 0.3956
  ...
# Subtest: window uses monotonic greatest start time and inclusive cutoff
ok 13 - window uses monotonic greatest start time and inclusive cutoff
  ---
  duration_ms: 1.4244
  ...
# Subtest: revision acknowledgement preserves material arriving during a request
ok 14 - revision acknowledgement preserves material arriving during a request
  ---
  duration_ms: 1.0016
  ...
# Subtest: corrected timestamps re-sort and invalid chunks are rejected
ok 15 - corrected timestamps re-sort and invalid chunks are rejected
  ---
  duration_ms: 1.6124
  ...
# Subtest: mode-specific secrets and defaults
ok 16 - mode-specific secrets and defaults
  ---
  duration_ms: 3.7718
  ...
# Subtest: invalid and conflicting arguments fail without echoing values
ok 17 - invalid and conflicting arguments fail without echoing values
  ---
  duration_ms: 1.7582
  ...
# Subtest: configuration never contains keys and help needs no keys
ok 18 - configuration never contains keys and help needs no keys
  ---
  duration_ms: 0.4549
  ...
# Subtest: model default and environment override are captured at startup for each suggestion mode
ok 19 - model default and environment override are captured at startup for each suggestion mode
  ---
  duration_ms: 1.4817
  ...
# Subtest: automatic transcript and Ask sources are distinct; latest user question wins
ok 20 - automatic transcript and Ask sources are distinct; latest user question wins
  ---
  duration_ms: 4.3437
  ...
# Subtest: context projects only data fields and copies both sources
ok 21 - context projects only data fields and copies both sources
  ---
  duration_ms: 0.3655
  ...
# Subtest: disconnected Fireflies source is unavailable without losing frontend context
ok 22 - disconnected Fireflies source is unavailable without losing frontend context
  ---
  duration_ms: 0.5679
  ...
# Subtest: stale Fireflies source is unavailable without losing frontend context
ok 23 - stale Fireflies source is unavailable without losing frontend context
  ---
  duration_ms: 0.1604
  ...
# Subtest: unknown age Fireflies source is unavailable without losing frontend context
ok 24 - unknown age Fireflies source is unavailable without losing frontend context
  ---
  duration_ms: 0.23
  ...
# Subtest: freshness boundary is inclusive and configurable, with empty source represented honestly
ok 25 - freshness boundary is inclusive and configurable, with empty source represented honestly
  ---
  duration_ms: 0.2449
  ...
# Subtest: prompt preserves framing and permits speech reports without promoting client facts
ok 26 - prompt preserves framing and permits speech reports without promoting client facts
  ---
  duration_ms: 1.4581
  ...
# Subtest: Gemini uses supplied context as user data only and keeps dossier server-side
ok 27 - Gemini uses supplied context as user data only and keeps dossier server-side
  ---
  duration_ms: 1.8887
  ...
# Subtest: default dossier path is absolute and custom paths preserve spaces
ok 28 - default dossier path is absolute and custom paths preserve spaces
  ---
  duration_ms: 7.2026
  ...
# Subtest: loader preserves UTF-8 text and fingerprints content
ok 29 - loader preserves UTF-8 text and fingerprints content
  ---
  duration_ms: 91.6417
  ...
# Subtest: missing unreadable and empty dossiers give clear errors
ok 30 - missing unreadable and empty dossiers give clear errors
  ---
  duration_ms: 5.0095
  ...
# Subtest: check and help never read the dossier; check reaches fake auth transport
ok 31 - check and help never read the dossier; check reaches fake auth transport
  ---
  duration_ms: 1.8521
  ...
# Subtest: real Fireflies envelope without transcript_id uses the selected socket meeting
ok 32 - real Fireflies envelope without transcript_id uses the selected socket meeting
  ---
  duration_ms: 10.8581
  ...
# Subtest: captured partial updates replace by chunk_id, including a shorter final revision
ok 33 - captured partial updates replace by chunk_id, including a shorter final revision
  ---
  duration_ms: 1.3156
  ...
# Subtest: envelope explicit matching IDs and flat documented payload remain supported
ok 34 - envelope explicit matching IDs and flat documented payload remain supported
  ---
  duration_ms: 0.4367
  ...
# Subtest: rejects nested different meeting without altering the buffer
ok 35 - rejects nested different meeting without altering the buffer
  ---
  duration_ms: 0.4525
  ...
# Subtest: rejects outer different meeting without altering the buffer
ok 36 - rejects outer different meeting without altering the buffer
  ---
  duration_ms: 0.4192
  ...
# Subtest: rejects conflicting envelope IDs without altering the buffer
ok 37 - rejects conflicting envelope IDs without altering the buffer
  ---
  duration_ms: 0.1931
  ...
# Subtest: rejects wrong event type without altering the buffer
ok 38 - rejects wrong event type without altering the buffer
  ---
  duration_ms: 0.2385
  ...
# Subtest: rejects null payload without altering the buffer
ok 39 - rejects null payload without altering the buffer
  ---
  duration_ms: 0.2251
  ...
# Subtest: rejects array payload without altering the buffer
ok 40 - rejects array payload without altering the buffer
  ---
  duration_ms: 0.4924
  ...
# Subtest: rejects empty explicit ID without altering the buffer
ok 41 - rejects empty explicit ID without altering the buffer
  ---
  duration_ms: 0.3952
  ...
# Subtest: rejects null explicit ID without altering the buffer
ok 42 - rejects null explicit ID without altering the buffer
  ---
  duration_ms: 0.2118
  ...
# Subtest: rejects missing chunk ID without altering the buffer
ok 43 - rejects missing chunk ID without altering the buffer
  ---
  duration_ms: 0.2028
  ...
# Subtest: rejects invalid time without altering the buffer
ok 44 - rejects invalid time without altering the buffer
  ---
  duration_ms: 0.3212
  ...
# Subtest: missing meeting ID without trusted socket/replay context is still rejected
ok 45 - missing meeting ID without trusted socket/replay context is still rejected
  ---
  duration_ms: 0.2542
  ...
# Subtest: offline replay binds omitted IDs locally without rewriting the raw fixture
ok 46 - offline replay binds omitted IDs locally without rewriting the raw fixture
  ---
  duration_ms: 0.6308
  ...
# Subtest: check reports auth.success
ok 47 - check reports auth.success
  ---
  duration_ms: 7.533
  ...
# Subtest: check reports auth.failed
ok 48 - check reports auth.failed
  ---
  duration_ms: 0.5361
  ...
# Subtest: check reports connection.error
ok 49 - check reports connection.error
  ---
  duration_ms: 0.5778
  ...
# Subtest: check reports connect_error
ok 50 - check reports connect_error
  ---
  duration_ms: 1.6754
  ...
# Subtest: check timeout is inconclusive
ok 51 - check timeout is inconclusive
  ---
  duration_ms: 58.5738
  ...
# Subtest: empty and paused-only discovery is inconclusive
ok 52 - empty and paused-only discovery is inconclusive
  ---
  duration_ms: 1.1034
  ...
# Subtest: discovery prints all meetings and selects first active
ok 53 - discovery prints all meetings and selects first active
  ---
  duration_ms: 0.5708
  ...
# Subtest: explicit transcript bypasses discovery
ok 54 - explicit transcript bypasses discovery
  ---
  duration_ms: 0.2233
  ...
# Subtest: HTTP and GraphQL failures are distinguishable
ok 55 - HTTP and GraphQL failures are distinguishable
  ---
  duration_ms: 1.2501
  ...
# Subtest: discovery has the check deadline too
ok 56 - discovery has the check deadline too
  ---
  duration_ms: 20.018
  ...
# Subtest: check can be cancelled
ok 57 - check can be cancelled
  ---
  duration_ms: 12.6939
  ...
# Subtest: live reconnect retains auth and registers one transcript handler
ok 58 - live reconnect retains auth and registers one transcript handler
  ---
  duration_ms: 24.8295
  ...
# Subtest: live auth rejection stops retries and reports fatal failure
ok 59 - live auth rejection stops retries and reports fatal failure
  ---
  duration_ms: 15.644
  ...
# Subtest: Socket.IO manager reconnect state is logged and handlers cleaned on close
ok 60 - Socket.IO manager reconnect state is logged and handlers cleaned on close
  ---
  duration_ms: 1.2211
  ...
# Subtest: auth deadline callback routes logger failure through onFatal
ok 61 - auth deadline callback routes logger failure through onFatal
  ---
  duration_ms: 24.2098
  ...
# Subtest: reconnect timer routes logger failure through onFatal
ok 62 - reconnect timer routes logger failure through onFatal
  ---
  duration_ms: 22.9432
  ...
# Subtest: live exposes authenticated and disconnected lifecycle independently of diagnostic logs
ok 63 - live exposes authenticated and disconnected lifecycle independently of diagnostic logs
  ---
  duration_ms: 2.5591
  ...
# Subtest: shared structured result preserves text, finish reason and upstream usage
ok 64 - shared structured result preserves text, finish reason and upstream usage
  ---
  duration_ms: 4.6507
  ...
# Subtest: structured Gemini errors identify upstream status, transport, timeout and empty output
ok 65 - structured Gemini errors identify upstream status, transport, timeout and empty output
  ---
  duration_ms: 3.2131
  ...
# Subtest: unavailable usage is omitted and unknown finish reason is not invented
ok 66 - unavailable usage is omitted and unknown finish reason is not invented
  ---
  duration_ms: 0.5369
  ...
# Subtest: malformed Gemini response structures and null rejection produce typed upstream failures
ok 67 - malformed Gemini response structures and null rejection produce typed upstream failures
  ---
  duration_ms: 11.4069
  ...
# Subtest: REST request uses configured model, header key and exact framing
ok 68 - REST request uses configured model, header key and exact framing
  ---
  duration_ms: 4.1561
  ...
# Subtest: HTTP failure and empty or blocked responses are errors
ok 69 - HTTP failure and empty or blocked responses are errors
  ---
  duration_ms: 3.3029
  ...
# Subtest: dossier follows original framing verbatim and latest-question rule is one sentence
ok 70 - dossier follows original framing verbatim and latest-question rule is one sentence
  ---
  duration_ms: 0.8686
  ...
# Subtest: one loaded dossier is reused for repeated requests without another file read
ok 71 - one loaded dossier is reused for repeated requests without another file read
  ---
  duration_ms: 47.6201
  ...
# Subtest: actual HTTP uses separated context and latest Ask, without leaking sources to system rules/logs
ok 72 - actual HTTP uses separated context and latest Ask, without leaking sources to system rules/logs
  ---
  duration_ms: 189.9045
  ...
# Subtest: request snapshot is immutable across partial updates and does not acknowledge periodic material
ok 73 - request snapshot is immutable across partial updates and does not acknowledge periodic material
  ---
  duration_ms: 19.2983
  ...
# Subtest: concurrent requests capture their own revision and frontend question
ok 74 - concurrent requests capture their own revision and frontend question
  ---
  duration_ms: 23.6944
  ...
# Subtest: OpenAI ignores client system/developer while including server Fireflies snapshot in JSON and SSE
ok 75 - OpenAI ignores client system/developer while including server Fireflies snapshot in JSON and SSE
  ---
  duration_ms: 31.7085
  ...
# Subtest: disconnected snapshot excludes speech from native JSON/NDJSON
ok 76 - disconnected snapshot excludes speech from native JSON/NDJSON
  ---
  duration_ms: 26.6286
  ...
# Subtest: stale snapshot excludes speech from native JSON/NDJSON
ok 77 - stale snapshot excludes speech from native JSON/NDJSON
  ---
  duration_ms: 14.5595
  ...
# Subtest: empty snapshot excludes speech from native JSON/NDJSON
ok 78 - empty snapshot excludes speech from native JSON/NDJSON
  ---
  duration_ms: 13.7472
  ...
# Subtest: binds IPv4 and IPv6 loopback on the same port; health and native models are shaped for Glass
ok 79 - binds IPv4 and IPv6 loopback on the same port; health and native models are shaped for Glass
  ---
  duration_ms: 209.2883
  ...
# Subtest: native nonstream response exposes message.content and completion metadata
ok 80 - native nonstream response exposes message.content and completion metadata
  ---
  duration_ms: 23.6624
  ...
# Subtest: native streaming emits newline-terminated NDJSON with full content and terminal done
ok 81 - native streaming emits newline-terminated NDJSON with full content and terminal done
  ---
  duration_ms: 25.2786
  ...
# Subtest: native system context is data, images are ignored, dossier is the actual shared system instruction
ok 82 - native system context is data, images are ignored, dossier is the actual shared system instruction
  ---
  duration_ms: 11.2774
  ...
# Subtest: OpenAI ignores and logs system/developer roles without their content; maps text parts in order
ok 83 - OpenAI ignores and logs system/developer roles without their content; maps text parts in order
  ---
  duration_ms: 9.6715
  ...
# Subtest: OpenAI nonstream and models expose standard objects with honest usage
ok 84 - OpenAI nonstream and models expose standard objects with honest usage
  ---
  duration_ms: 14.9779
  ...
# Subtest: OpenAI SSE reconstructs Unicode, role, finish, optional usage and DONE
ok 85 - OpenAI SSE reconstructs Unicode, role, finish, optional usage and DONE
  ---
  duration_ms: 19.3829
  ...
# Subtest: WRAPPER_TOKEN protects both v1 routes but never native routes
ok 86 - WRAPPER_TOKEN protects both v1 routes but never native routes
  ---
  duration_ms: 40.4526
  ...
# Subtest: configured secrets are absent from suggestions, errors and logs
ok 87 - configured secrets are absent from suggestions, errors and logs
  ---
  duration_ms: 10.8422
  ...
# Subtest: malformed OpenAI request returns 400: missing model
ok 88 - malformed OpenAI request returns 400: missing model
  ---
  duration_ms: 10.0341
  ...
# Subtest: malformed OpenAI request returns 400: missing messages
ok 89 - malformed OpenAI request returns 400: missing messages
  ---
  duration_ms: 7.4918
  ...
# Subtest: malformed OpenAI request returns 400: empty messages
ok 90 - malformed OpenAI request returns 400: empty messages
  ---
  duration_ms: 7.2279
  ...
# Subtest: malformed OpenAI request returns 400: bad role
ok 91 - malformed OpenAI request returns 400: bad role
  ---
  duration_ms: 7.3098
  ...
# Subtest: malformed OpenAI request returns 400: bad content
ok 92 - malformed OpenAI request returns 400: bad content
  ---
  duration_ms: 8.468
  ...
# Subtest: malformed OpenAI request returns 400: bad stream
ok 93 - malformed OpenAI request returns 400: bad stream
  ---
  duration_ms: 7.3277
  ...
# Subtest: malformed OpenAI request returns 400: tools
ok 94 - malformed OpenAI request returns 400: tools
  ---
  duration_ms: 6.812
  ...
# Subtest: malformed OpenAI request returns 400: images on OpenAI
ok 95 - malformed OpenAI request returns 400: images on OpenAI
  ---
  duration_ms: 7.6982
  ...
# Subtest: malformed OpenAI request returns 400: system only
ok 96 - malformed OpenAI request returns 400: system only
  ---
  duration_ms: 8.5002
  ...
# Subtest: bad JSON, oversized bodies, unknown models/routes and methods return errors; next request still succeeds
ok 97 - bad JSON, oversized bodies, unknown models/routes and methods return errors; next request still succeeds
  ---
  duration_ms: 19.8423
  ...
# Subtest: upstream error maps to 429: quota
ok 98 - upstream error maps to 429: quota
  ---
  duration_ms: 11.3158
  ...
# Subtest: upstream error maps to 503: unavailable
ok 99 - upstream error maps to 503: unavailable
  ---
  duration_ms: 9.9924
  ...
# Subtest: upstream error maps to 502: bad upstream credential
ok 100 - upstream error maps to 502: bad upstream credential
  ---
  duration_ms: 12.5243
  ...
# Subtest: upstream error maps to 502: upstream failure
ok 101 - upstream error maps to 502: upstream failure
  ---
  duration_ms: 9.907
  ...
# Subtest: upstream error maps to 502: network
ok 102 - upstream error maps to 502: network
  ---
  duration_ms: 10.8731
  ...
# Subtest: upstream error maps to 504: timeout
ok 103 - upstream error maps to 504: timeout
  ---
  duration_ms: 10.8734
  ...
# Subtest: upstream error maps to 502: empty
ok 104 - upstream error maps to 502: empty
  ---
  duration_ms: 8.3469
  ...
# Subtest: upstream error maps to 500: private internal details
ok 105 - upstream error maps to 500: private internal details
  ---
  duration_ms: 8.9482
  ...
# Subtest: parallel requests keep context and results isolated
ok 106 - parallel requests keep context and results isolated
  ---
  duration_ms: 34.8517
  ...
# Subtest: bounded generation returns 504 even when injected adapter ignores cancellation
ok 107 - bounded generation returns 504 even when injected adapter ignores cancellation
  ---
  duration_ms: 34.121
  ...
# Subtest: disconnect aborts inference; shutdown aborts pending work and closes both listeners
ok 108 - disconnect aborts inference; shutdown aborts pending work and closes both listeners
  ---
  duration_ms: 11.4831
  ...
# Subtest: second loopback bind failure releases the first listener
ok 109 - second loopback bind failure releases the first listener
  ---
  duration_ms: 5.6765
  ...
# Subtest: malformed Gemini payload maps to 502 through both HTTP adapters
ok 110 - malformed Gemini payload maps to 502 through both HTTP adapters
  ---
  duration_ms: 9.0983
  ...
# Subtest: shutdown cancels active inference that ignores abort without waiting for its completion
ok 111 - shutdown cancels active inference that ignores abort without waiting for its completion
  ---
  duration_ms: 10.8972
  ...
# Subtest: shutdown completes while a client stops reading a large SSE response
ok 112 - shutdown completes while a client stops reading a large SSE response
  ---
  duration_ms: 137.2982
  ...
# Subtest: request body deadline returns native 408 and server remains healthy
ok 113 - request body deadline returns native 408 and server remains healthy
  ---
  duration_ms: 36.2138
  ...
# Subtest: live route obeys optional v1 authentication, method checks and both loopbacks
ok 114 - live route obeys optional v1 authentication, method checks and both loopbacks
  ---
  duration_ms: 246.345
  ...
# Subtest: live route reports unattached mode without starting a connection or inference
ok 115 - live route reports unattached mode without starting a connection or inference
  ---
  duration_ms: 14.7849
  ...
# Subtest: snapshot first, ordered events, heartbeat comments and reconnect always replace state
ok 116 - snapshot first, ordered events, heartbeat comments and reconnect always replace state
  ---
  duration_ms: 60.265
  ...
# Subtest: all feed payloads and diagnostics use existing redaction
ok 117 - all feed payloads and diagnostics use existing redaction
  ---
  duration_ms: 14.1583
  ...
# Subtest: bounded slow-reader disconnect does not block other subscribers or ingestion
ok 118 - bounded slow-reader disconnect does not block other subscribers or ingestion
  ---
  duration_ms: 47.8716
  ...
# Subtest: drain deadline disconnects a stalled reader even below the byte cap
ok 119 - drain deadline disconnects a stalled reader even below the byte cap
  ---
  duration_ms: 68.4426
  ...
# Subtest: shutdown detaches subscribers and closes both listeners promptly
ok 120 - shutdown detaches subscribers and closes both listeners promptly
  ---
  duration_ms: 11.4002
  ...
# Subtest: terminal feed status closes the stream and releases subscription
ok 121 - terminal feed status closes the stream and releases subscription
  ---
  duration_ms: 8.1162
  ...
# Subtest: connecting after live-session close sends the terminal snapshot then ends
ok 122 - connecting after live-session close sends the terminal snapshot then ends
  ---
  duration_ms: 10.5907
  ...
# Subtest: two HTTP subscribers share one Fireflies connection and generation loop; reconnect dedupes by attempt ID
ok 123 - two HTTP subscribers share one Fireflies connection and generation loop; reconnect dedupes by attempt ID
  ---
  duration_ms: 20.5766
  ...
# Subtest: two feed observers share one transport and inference loop with separate sequence and revision
ok 124 - two feed observers share one transport and inference loop with separate sequence and revision
  ---
  duration_ms: 10.5663
  ...
# Subtest: transcript events are full corrected, reordered and evicted snapshots; identical retransmits publish nothing
ok 125 - transcript events are full corrected, reordered and evicted snapshots; identical retransmits publish nothing
  ---
  duration_ms: 1.6973
  ...
# Subtest: initial subscription attachment is gap-free during reentrant updates and observers receive ordered isolated copies
ok 126 - initial subscription attachment is gap-free during reentrant updates and observers receive ordered isolated copies
  ---
  duration_ms: 1.9891
  ...
# Subtest: feed retains stale and disconnected chunks while Ask omits them, using the existing timer for status
ok 127 - feed retains stale and disconnected chunks while Ask omits them, using the existing timer for status
  ---
  duration_ms: 1.9741
  ...
# Subtest: retry attempts have unique IDs and errors retain pending material; completed history retains twenty including no-suggestion
ok 128 - retry attempts have unique IDs and errors retain pending material; completed history retains twenty including no-suggestion
  ---
  duration_ms: 9.4223
  ...
# Subtest: unfinished generation is in bootstrap; unsubscribe and close release observers and suppress late completion
ok 129 - unfinished generation is in bootstrap; unsubscribe and close release observers and suppress late completion
  ---
  duration_ms: 1.8362
  ...
# Subtest: new sessions reset feed identity and throwing observers cannot abort generation
ok 130 - new sessions reset feed identity and throwing observers cannot abort generation
  ---
  duration_ms: 2.7086
  ...
# Subtest: all newly exposed snapshots, transcript, suggestions and errors are redacted
ok 131 - all newly exposed snapshots, transcript, suggestions and errors are redacted
  ---
  duration_ms: 2.2708
  ...
# Subtest: loop event observer failures and reentrant ticks cannot change scheduling or acknowledgement
ok 132 - loop event observer failures and reentrant ticks cannot change scheduling or acknowledgement
  ---
  duration_ms: 0.6349
  ...
# Subtest: closing from a started observer cancels before inference without an unhandled rejection
ok 133 - closing from a started observer cancels before inference without an unhandled rejection
  ---
  duration_ms: 24.7928
  ...
# Subtest: loop keeps existing rejection propagation when a diagnostic sink fails
ok 134 - loop keeps existing rejection propagation when a diagnostic sink fails
  ---
  duration_ms: 1.368
  ...
# Subtest: terminal observers may close reentrantly without closing the transport twice
ok 135 - terminal observers may close reentrantly without closing the transport twice
  ---
  duration_ms: 0.9839
  ...
# Subtest: a correction outside the window still publishes removal of its formerly retained chunk
ok 136 - a correction outside the window still publishes removal of its formerly retained chunk
  ---
  duration_ms: 1.3848
  ...
# Subtest: live session authenticates once and shares a copied snapshot while periodic suggestions continue
ok 137 - live session authenticates once and shares a copied snapshot while periodic suggestions continue
  ---
  duration_ms: 30.1321
  ...
# Subtest: Ask omits disconnected or stale chunks without changing periodic buffer semantics
ok 138 - Ask omits disconnected or stale chunks without changing periodic buffer semantics
  ---
  duration_ms: 26.6661
  ...
# Subtest: live startup waits for authentication and rejects timeout with full transport cleanup
ok 139 - live startup waits for authentication and rejects timeout with full transport cleanup
  ---
  duration_ms: 20.4547
  ...
# Subtest: no meeting and authentication rejection fail startup without a periodic timer
ok 140 - no meeting and authentication rejection fail startup without a periodic timer
  ---
  duration_ms: 3.0378
  ...
# Subtest: aborting during discovery stops startup without connecting
ok 141 - aborting during discovery stops startup without connecting
  ---
  duration_ms: 1.2365
  ...
# Subtest: post-start fatal authentication closes capture and notifies CLI once
ok 142 - post-start fatal authentication closes capture and notifies CLI once
  ---
  duration_ms: 1.3279
  ...
# Subtest: lifecycle abort cancels in-flight periodic inference and removes listeners
ok 143 - lifecycle abort cancels in-flight periodic inference and removes listeners
  ---
  duration_ms: 2.2602
  ...
# Subtest: authentication success followed by fatal in the same turn still rejects startup
ok 144 - authentication success followed by fatal in the same turn still rejects startup
  ---
  duration_ms: 1.3293
  ...
# Subtest: closing a successful session removes startup and lifetime abort listeners
ok 145 - closing a successful session removes startup and lifetime abort listeners
  ---
  duration_ms: 1.7458
  ...
# Subtest: cancelling an HTTP Ask leaves capture and periodic suggestions running
ok 146 - cancelling an HTTP Ask leaves capture and periodic suggestions running
  ---
  duration_ms: 103.995
  ...
# Subtest: offline replay runs entire CLI without credentials and writes valid JSONL
ok 147 - offline replay runs entire CLI without credentials and writes valid JSONL
  ---
  duration_ms: 810.951
  ...
# Subtest: CLI reports missing key with exit 2, without its value
ok 148 - CLI reports missing key with exit 2, without its value
  ---
  duration_ms: 81.612
  ...
# Subtest: replay pauses ingestion at checkpoints and never passes their labels to the model
ok 149 - replay pauses ingestion at checkpoints and never passes their labels to the model
  ---
  duration_ms: 19.3375
  ...
# Subtest: missing dossier fails before replay creates logs; help ignores it
ok 150 - missing dossier fails before replay creates logs; help ignores it
  ---
  duration_ms: 187.7313
  ...
# Subtest: demo replay produces four mapped mock outcomes and seven partial replacements
ok 151 - demo replay produces four mapped mock outcomes and seven partial replacements
  ---
  duration_ms: 229.3761
  ...
# Subtest: captured Fireflies wire events run through the complete mocked replay CLI
ok 152 - captured Fireflies wire events run through the complete mocked replay CLI
  ---
  duration_ms: 353.1121
  ...
# Subtest: inherited Socket.IO DEBUG cannot print an auth key
ok 153 - inherited Socket.IO DEBUG cannot print an auth key
  ---
  duration_ms: 405.7241
  ...
# Subtest: serve CLI starts with Gemini only, never loads Socket.IO and logs redacted metadata
ok 154 - serve CLI starts with Gemini only, never loads Socket.IO and logs redacted metadata
  ---
  duration_ms: 321.2352
  ...
# Subtest: serve missing dossier fails before listening or creating logs
ok 155 - serve missing dossier fails before listening or creating logs
  ---
  duration_ms: 110.129
  ...
# Subtest: combined CLI authenticates one attachment and serves HTTP before fatal auth closes everything
ok 156 - combined CLI authenticates one attachment and serves HTTP before fatal auth closes everything
  ---
  duration_ms: 657.7436
  ...
# Subtest: combined CLI discovery and auth failures never bind HTTP
ok 157 - combined CLI discovery and auth failures never bind HTTP
  ---
  duration_ms: 324.8954
  ...
# Subtest: combined CLI port bind failure closes its authenticated attachment
ok 158 - combined CLI port bind failure closes its authenticated attachment
  ---
  duration_ms: 165.8836
  ...
# Subtest: combined CLI wires its existing live session into the authenticated SSE route
ok 159 - combined CLI wires its existing live session into the authenticated SSE route
  ---
  duration_ms: 164.4625
  ...
# Subtest: serve requires Gemini only, has port 11434 and component dossier, and serializes no secrets
ok 160 - serve requires Gemini only, has port 11434 and component dossier, and serializes no secrets
  ---
  duration_ms: 3.4894
  ...
# Subtest: serve rejects conflicting modes and invalid ports
ok 161 - serve rejects conflicting modes and invalid ports
  ---
  duration_ms: 1.0159
  ...
# Subtest: WRAPPER_TOKEN field and configured value are redacted
ok 162 - WRAPPER_TOKEN field and configured value are redacted
  ---
  duration_ms: 1.3671
  ...
# Subtest: serve attachment requires explicit opt-in and both keys
ok 163 - serve attachment requires explicit opt-in and both keys
  ---
  duration_ms: 1.122
  ...
# Subtest: console and JSONL redact nested secrets and sensitive fields
ok 164 - console and JSONL redact nested secrets and sensitive fields
  ---
  duration_ms: 24.8701
  ...
# Subtest: only changed material triggers and attempts are spaced by 20 seconds
ok 165 - only changed material triggers and attempts are spaced by 20 seconds
  ---
  duration_ms: 6.8963
  ...
# Subtest: one in-flight request; new material survives snapshot acknowledgement
ok 166 - one in-flight request; new material survives snapshot acknowledgement
  ---
  duration_ms: 0.7767
  ...
# Subtest: failure keeps material pending and retry obeys throttle
ok 167 - failure keeps material pending and retry obeys throttle
  ---
  duration_ms: 1.0514
  ...
# Subtest: consecutive no-suggestion results suppressed only in console
ok 168 - consecutive no-suggestion results suppressed only in console
  ---
  duration_ms: 3.6725
  ...
# Subtest: malformed and wrong-meeting events are logged but not ingested
ok 169 - malformed and wrong-meeting events are logged but not ingested
  ---
  duration_ms: 0.6441
  ...
# Subtest: closing cancels the request and prevents further suggestions
ok 170 - closing cancels the request and prevents further suggestions
  ---
  duration_ms: 0.9105
  ...
# Subtest: snapshot atomically copies selected meeting revision and replacement chunks without acknowledging
ok 171 - snapshot atomically copies selected meeting revision and replacement chunks without acknowledging
  ---
  duration_ms: 1.0419
  ...
# Subtest: exports a real HTTP evaluation harness
ok 172 - exports a real HTTP evaluation harness
  ---
  duration_ms: 3.1148
  ...
# Subtest: uses latest revision, isolates rubric, preserves raw output and does not acknowledge
ok 173 - uses latest revision, isolates rubric, preserves raw output and does not acknowledge
  ---
  duration_ms: 123.124
  ...
# Subtest: HTTP model error is terminal and retained without retry
ok 174 - HTTP model error is terminal and retained without retry
  ---
  duration_ms: 22.2921
  ...
# Subtest: deadline bounds an uncooperative model adapter
ok 175 - deadline bounds an uncooperative model adapter
  ---
  duration_ms: 57.7031
  ...
# Subtest: no suggestion completes once but fails answer-required gate
ok 176 - no suggestion completes once but fails answer-required gate
  ---
  duration_ms: 11.5282
  ...
# Subtest: tone checks case insensitivity and mechanical source names
ok 177 - tone checks case insensitivity and mechanical source names
  ---
  duration_ms: 0.3156
  ...
# Subtest: natural date is accepted and marked for human claim review
ok 178 - natural date is accepted and marked for human claim review
  ---
  duration_ms: 1.0536
  ...
# Subtest: fixtures cover E-J, unavailable sources, Hi variants and both APIs
ok 179 - fixtures cover E-J, unavailable sources, Hi variants and both APIs
  ---
  duration_ms: 4.4989
  ...
# Subtest: separate cases cannot inherit prior conversation
ok 180 - separate cases cannot inherit prior conversation
  ---
  duration_ms: 19.1037
  ...
# Subtest: explicit conflicting years cannot satisfy natural supporting-date checks
ok 181 - explicit conflicting years cannot satisfy natural supporting-date checks
  ---
  duration_ms: 2.6088
  ...
# Subtest: real native NDJSON and v1 SSE preserve output text
ok 182 - real native NDJSON and v1 SSE preserve output text
  ---
  duration_ms: 18.3968
  ...
# Subtest: evaluation persists every model failure and later completion without retries
ok 183 - evaluation persists every model failure and later completion without retries
  ---
  duration_ms: 37.8472
  ...
# Subtest: known credentials are redacted from returned raw responses and error evidence
ok 184 - known credentials are redacted from returned raw responses and error evidence
  ---
  duration_ms: 9.4156
  ...
1..184
# tests 184
# suites 0
# pass 184
# fail 0
# cancelled 0
# skipped 0
# todo 0
# duration_ms 2423.4669
